ze> created live store: /tmp/effective-l2tp-ppp-1193144049/ze/database
ze> time=2026-09-22T05:25:47.820Z level=INFO msg="L2TP listener bound" subsystem=l2tp address=172.30.0.1:1701
ze> warning: running as root, set ze.user to drop privileges
ze> time=2026-09-22T05:25:47.832Z level=DEBUG msg="l2tp-pool plugin starting (RPC)" subsystem=l2tp.pool
ze> time=2026-09-22T05:25:47.832Z level=DEBUG msg="l2tp-auth-radius plugin starting (RPC)" subsystem=l2tp.auth.radius
ze> time=2026-09-22T05:25:47.832Z level=DEBUG msg="l2tp-shaper plugin starting (RPC)" subsystem=l2tp.shaper
ze> time=2026-09-22T05:25:47.836Z level=DEBUG msg="l2tp-auth-local plugin starting (RPC)" subsystem=l2tp.auth.local
ze> time=2026-09-22T05:25:47.855Z level=INFO msg="l2tp-auth-local: loaded users" subsystem=l2tp.auth.local count=0
ze> time=2026-09-22T05:25:47.858Z level=INFO msg="l2tp-pool: configured" subsystem=l2tp.pool total=9 named-pools=0
ze> Starting ze with config: /tmp/effective-l2tp-ppp-1193144049/ze/ze.conf
ze> Ze running. Press Ctrl+C to stop.
xl2tpd> xl2tpd[1465]: Not looking for kernel SAref support.
xl2tpd> xl2tpd[1465]: Using l2tp kernel support.
xl2tpd> xl2tpd[1465]: xl2tpd version xl2tpd-1.3.18 started on localhost PID:1465
xl2tpd> xl2tpd[1465]: Written by Mark Spencer, Copyright (C) 1998, Adtran, Inc.
xl2tpd> xl2tpd[1465]: Forked by Scott Balmos and David Stipp, (C) 2001
xl2tpd> xl2tpd[1465]: Inherited by Jeff McAdams, (C) 2002
xl2tpd> xl2tpd[1465]: Forked again by Xelerance (www.xelerance.com) (C) 2006-2016
xl2tpd> xl2tpd[1465]: Listening on IP address 0.0.0.0, port 1702
xl2tpd> xl2tpd[1465]: get_call: allocating new tunnel for host 172.30.0.1, port 1701.
xl2tpd> xl2tpd[1465]: Connecting to host 172.30.0.1, port 1701
xl2tpd> xl2tpd[1465]: control_finish: message type is (null)(0).  Tunnel is 0, call is 0.
xl2tpd> packet dump: 
xl2tpd> xl2tpd[1465]: control_finish: sending SCCRQ
ze> time=2026-09-22T05:25:48.023Z level=INFO msg="l2tp: new tunnel created from SCCRQ" subsystem=l2tp from=172.30.0.2:1702 local-tid=1702 peer-tid=13931
ze> time=2026-09-22T05:25:48.026Z level=INFO msg="l2tp: SCCRP sent; tunnel now wait-ctl-conn" subsystem=l2tp local-tid=1702 peer=172.30.0.2:1702 peer-host="\"localhost\"" peer-tid=13931 peer-framing=0x00000003 challenge=false
xl2tpd> xl2tpd[1465]: message_type_avp: message type 2 (Start-Control-Connection-Reply)
xl2tpd> xl2tpd[1465]: protocol_version_avp: peer is using version 1, revision 0.
xl2tpd> xl2tpd[1465]: framing_caps_avp: supported peer frames: async sync
xl2tpd> xl2tpd[1465]: bearer_caps_avp: supported peer bearers:
xl2tpd> xl2tpd[1465]: hostname_avp: peer reports hostname 'ze'
xl2tpd> xl2tpd[1465]: assigned_tunnel_avp: using peer's tunnel 1702
xl2tpd> xl2tpd[1465]: receive_window_size_avp: peer wants RWS of 16.  Will use flow control.
xl2tpd> xl2tpd[1465]: control_finish: message type is Start-Control-Connection-Reply(2).  Tunnel is 1702, call is 0.
xl2tpd> xl2tpd[1465]: control_finish: sending SCCCN
xl2tpd> xl2tpd[1465]: Connection established to 172.30.0.1, 1701.  Local: 13931, Remote: 1702 (ref=0/0).
xl2tpd> xl2tpd[1465]: Calling on tunnel 13931
xl2tpd> xl2tpd[1465]: control_finish: message type is (null)(0).  Tunnel is 1702, call is 0.
xl2tpd> HEX: { C8 02 00 6A 00 00 00 00 00 00 00 00 80 08 00 00 00 00 00 01 80 08 00 00 00 02 01 00 80 0A 00 00 00 03 00 00 00 03 80 0A 00 00 00 04 00 00 00 00 00 08 00 00 00 06 06 90 80 0F 00 00 00 07 6C 6F 63 61 6C 68 6F 73 74 00 13 00 00 00 08 78 65 6C 65 72 61 6E 63 65 2E 63 6F 6D 80 08 00 00 00 09 36 6B 80 08 00 00 00 0A 00 04 }
xl2tpd> ASCII: {    j                                                          localhost      xelerance.com      6k        }
xl2tpd> packet dump: 
xl2tpd> HEX: { 02 C8 48 00 6B 36 00 00 00 00 01 00 80 08 00 00 00 00 00 02 80 08 00 00 00 02 01 00 80 0A 00 00 00 03 00 00 00 03 80 0A 00 00 00 04 00 00 00 00 80 08 00 00 00 07 7A 65 80 08 00 00 00 09 06 A6 80 08 00 00 00 0A 00 10 }
ze> time=2026-09-22T05:25:48.030Z level=INFO msg="l2tp: tunnel now established" subsystem=l2tp local-tid=1702 peer=172.30.0.2:1702 peer-host="\"localhost\"" peer-tid=13931
xl2tpd> ASCII: {   H k6                                                ze                }
xl2tpd> packet dump: 
xl2tpd> HEX: { C8 02 00 14 06 A6 00 00 00 01 00 01 80 08 00 00 00 00 00 03 }
xl2tpd> ASCII: {                     }
xl2tpd> packet dump: 
xl2tpd> HEX: { C8 02 00 30 06 A6 00 00 00 02 00 01 80 08 00 00 00 00 00 0A 80 08 00 00 00 0E D8 11 80 0A 00 00 00 0F 00 00 00 01 80 0A 00 00xl2tpd[1465]: control_finish: sending ICRQ
ze> time=2026-09-22T05:25:48.033Z level=INFO msg="l2tp: ICRP sent; session wait-connect" subsystem=l2tp local-tid=1702 peer=172.30.0.2:1702 local-sid=23265 remote-sid=55313 call-serial=1
xl2tpd> xl2tpd[1465]: message_type_avp: message type 11 (Incoming-Call-Reply)
xl2tpd> xl2tpd[1465]: assigned_call_avp: using peer's call 23265
xl2tpd> xl2tpd[1465]: control_finish: message type is Incoming-Call-Reply(11).  Tunnel is 1702, call is 23265.
xl2tpd> xl2tpd[1465]: control_finish: Sending ICCN
xl2tpd> xl2tpd[1465]: Call established with 172.30.0.1, Local: 55313, Remote: 23265, Serial: 1 (ref=0/0)
ze> time=2026-09-22T05:25:48.034Z level=INFO msg="l2tp: session established (incoming LNS)" subsystem=l2tp local-tid=1702 peer=172.30.0.2:1702 local-sid=23265 remote-sid=55313 tx-speed=0 framing=0x00000001
ze> time=2026-09-22T05:25:48.035Z level=INFO msg="l2tp: kernel tunnel created" subsystem=l2tp local-tid=1702 remote-tid=13931 peer-addr=172.30.0.2:1702
ze> time=2026-09-22T05:25:48.038Z level=INFO msg="l2tp: kernel session established" subsystem=l2tp tunnel-id=1702 session-id=23265 ppp-unit=0
ze> time=2026-09-22T05:25:51.044Z level=DEBUG msg="ppp: LCP Restart timer expired" subsystem=l2tp component=ppp tunnel-id=1702 session-id=23265 unit=0 state=ack-sent restart-count=9
ze> time=2026-09-22T05:25:51.046Z level=WARN msg="l2tp-auth-local: no users configured; rejecting" subsystem=l2tp.auth.local tunnel=1702 session=23265 username=""
ze> time=2026-09-22T05:25:51.046Z level=WARN msg="ppp: session failed" subsystem=l2tp component=ppp tunnel-id=1702 session-id=23265 unit=0 reason="auth rejected: no users configured"
ze> time=2026-09-22T05:25:51.048Z level=INFO msg="l2tp: CDN sent; session destroyed" subsystem=l2tp local-sid=23265 remote-sid=55313 result-code=2
xl2tpd> xl2tpd[1465]: message_type_avp: message type 14 (Call-Disconnect-Notify)
xl2tpd> xl2tpd[1465]: result_code_avp: peer closing for reason 2 (General error--Error Code indicates the problem), error = -1 ()
xl2tpd> xl2tpd[1465]: assigned_call_avp: using peer's call 23265
xl2tpd> xl2tpd[1465]: control_finish: message type is Call-Disconnect-Notify(14).  Tunnel is 1702, call is 23265.
xl2tpd> xl2tpd[1465]: control_finish: Connection closed to 172.30.0.1, serial 1 ()
ze> time=2026-09-22T05:25:51.049Z level=INFO msg="l2tp: PPP requested session teardown; sending CDN" subsystem=l2tp tunnel-id=1702 session-id=23265 reason="auth rejected: no users configured"
ze> time=2026-09-22T05:25:51.050Z level=WARN msg="l2tp: kernel session delete failed" subsystem=l2tp tunnel-id=1702 session-id=23265 error="l2tp: genl session delete (tunnel=1702 session=23265): no such device"
ze> time=2026-09-22T05:25:51.050Z level=INFO msg="l2tp: kernel tunnel deleted" subsystem=l2tp tunnel-id=1702
xl2tpd> xl2tpd[1465]: Calling on tunnel 13931
xl2tpd> xl2tpd[1465]: control_finish: message type is (null)(0).  Tunnel is 1702, call is 0.
xl2tpd>  00 12 00 00 00 00 }
xl2tpd> ASCII: {    0                                            }
xl2tpd> packet dump: 
xl2tpd> HEX: { 02 C8 0C 00 6B 36 00 00 01 00 02 00 }
xl2tpd> ASCII: {     k6      }
xl2tpd> packet dump: 
xl2tpd> HEX: { 02 C8 1C 00 6B 36 11 D8 01 00 03 00 80 08 00 00 00 00 00 0B 80 08 00 00 00 0E 5A E1 }
xl2tpd> ASCII: {     k6                    Z }
xl2tpd> packet dump: 
xl2tpd> HEX: { C8 02 00 32 06 A6 5A E1 00 03 00 02 80 08 00 00 00 00 00 0C 80 0A 00 00 00 18 00 00 00 00 80 0A 00 00 00 13 00 00 00 01 00 0A 00 00 00 26 00 00 00 00 }
xl2tpd> ASCII: {    2  Z                                      &    }
xl2tpd> packet dump: 
xl2tpd> HEX: { 02 C8 0C 00 6B 36 00 00 02 00 04 00 }
xl2tpd> ASCII: {     k6      }
xl2tpd> packet dump: 
xl2tpd> HEX: { 02 C8 24 00 6B 36 11 D8 02 00 04 00 80 08 00 00 00 00 00 0E 80 08 00 00 00 01 00 02 80 08 00 00 00 0E 5A E1 }
xl2tpd> ASCII: {   $ k6                            Z }
xl2tpd> packet dump: 
xl2tpd> HEX: { C8 02 00 30 06 A6 00 00 00 04 00 03 80 08 00 00 00 00 00 0A 80 08 00 00 00 0E E4 CE 80 0A 00 00 00 0F 00 00 00 02 80 0A 00 00 00 12 00 00 00 00 }
xl2tpd> ASCII: {    0                                           xl2tpd[1465]: control_finish: sending ICRQ
xl2tpd> xl2tpd[1465]: message_type_avp: message type 11 (Incoming-Call-Reply)
xl2tpd> xl2tpd[1465]: assigned_call_avp: using peer's call 8550
xl2tpd> xl2tpd[1465]: control_finish: message type is Incoming-Call-Reply(11).  Tunnel is 1702, call is 8550.
xl2tpd> xl2tpd[1465]: control_finish: Sending ICCN
xl2tpd> xl2tpd[1465]: Call established with 172.30.0.1, Local: 58574, Remote: 8550, Serial: 2 (ref=0/0)
ze> time=2026-09-22T05:25:52.051Z level=INFO msg="l2tp: ICRP sent; session wait-connect" subsystem=l2tp local-tid=1702 peer=172.30.0.2:1702 local-sid=8550 remote-sid=58574 call-serial=2
ze> time=2026-09-22T05:25:52.052Z level=INFO msg="l2tp: session established (incoming LNS)" subsystem=l2tp local-tid=1702 peer=172.30.0.2:1702 local-sid=8550 remote-sid=58574 tx-speed=0 framing=0x00000001
ze> time=2026-09-22T05:25:52.052Z level=INFO msg="l2tp: kernel tunnel created" subsystem=l2tp local-tid=1702 remote-tid=13931 peer-addr=172.30.0.2:1702
ze> time=2026-09-22T05:25:52.053Z level=INFO msg="l2tp: kernel session established" subsystem=l2tp tunnel-id=1702 session-id=8550 ppp-unit=0
ze> time=2026-09-22T05:25:55.056Z level=DEBUG msg="ppp: LCP Restart timer expired" subsystem=l2tp component=ppp tunnel-id=1702 session-id=8550 unit=0 state=ack-sent restart-count=9
ze> time=2026-09-22T05:25:55.057Z level=WARN msg="l2tp-auth-local: no users configured; rejecting" subsystem=l2tp.auth.local tunnel=1702 session=8550 username=""
ze> time=2026-09-22T05:25:55.057Z level=WARN msg="ppp: session failed" subsystem=l2tp component=ppp tunnel-id=1702 session-id=8550 unit=0 reason="auth rejected: no users configured"
xl2tpd> xl2tpd[1465]: message_type_avp: message type 14 (Call-Disconnect-Notify)
xl2tpd> xl2tpd[1465]: result_code_avp: peer closing for reason 2 (General error--Error Code indicates the problem), error = -1 ()
xl2tpd> xl2tpd[1465]: assigned_call_avp: using peer's call 8550
xl2tpd> xl2tpd[1465]: control_finish: message type is Call-Disconnect-Notify(14).  Tunnel is 1702, call is 8550.
ze> time=2026-09-22T05:25:55.057Z level=INFO msg="l2tp: CDN sent; session destroyed" subsystem=l2tp local-sid=8550 remote-sid=58574 result-code=2
ze> time=2026-09-22T05:25:55.057Z level=INFO msg="l2tp: PPP requested session teardown; sending CDN" subsystem=l2tp tunnel-id=1702 session-id=8550 reason="auth rejected: no users configured"
ze> time=2026-09-22T05:25:55.058Z level=WARN msg="l2tp: kernel session delete failed" subsystem=l2tp tunnel-id=1702 session-id=8550 error="l2tp: genl session delete (tunnel=1702 session=8550): no such device"
xl2tpd> xl2tpd[1465]: control_finish: Connection closed to 172.30.0.1, serial 2 ()
ze> time=2026-09-22T05:25:55.058Z level=INFO msg="l2tp: kernel tunnel deleted" subsystem=l2tp tunnel-id=1702
xl2tpd> xl2tpd[1465]: Calling on tunnel 13931
xl2tpd> xl2tpd[1465]: control_finish: message type is (null)(0).  Tunnel is 1702, call is 0.
xl2tpd> xl2tpd[1465]: control_finish: sending ICRQ
xl2tpd> xl2tpd[1465]: message_type_avp: message type 11 (Incoming-Call-Reply)
xl2tpd> xl2tpd[1465]: assigned_call_avp: using peer's call 12977
xl2tpd> xl2tpd[1465]: control_finish: message type is Incoming-Call-Reply(11).  Tunnel is 1702, call is 12977.
xl2tpd>  }
xl2tpd> packet dump: 
xl2tpd> HEX: { 02 C8 1C 00 6B 36 CE E4 03 00 05 00 80 08 00 00 00 00 00 0B 80 08 00 00 00 0E 21 66 }
xl2tpd> ASCII: {     k6                    !f}
xl2tpd> packet dump: 
xl2tpd> HEX: { C8 02 00 32 06 A6 21 66 00 05 00 04 80 08 00 00 00 00 00 0C 80 0A 00 00 00 18 00 00 00 00 80 0A 00 00 00 13 00 00 00 01 00 0A 00 00 00 26 00 00 00 00 }
xl2tpd> ASCII: {    2  !f                                     &    }
xl2tpd> packet dump: 
xl2tpd> HEX: { 02 C8 0C 00 6B 36 00 00 04 00 06 00 }
xl2tpd> ASCII: {     k6      }
xl2tpd> packet dump: 
xl2tpd> HEX: { 02 C8 24 00 6B 36 CE E4 04 00 06 00 80 08 00 00 00 00 00 0E 80 08 00 00 00 01 00 02 80 08 00 00 00 0E 21 66 }
xl2tpd> ASCII: {   $ k6                            !f}
xl2tpd> packet dump: 
xl2tpd> HEX: { C8 02 00 30 06 A6 00 00 00 06 00 05 80 08 00 00 00 00 00 0A 80 08 00 00 00 0E B8 6C 80 0A 00 00 00 0F 00 00 00 03 80 0A 00 00 00 12 00 00 00 00 }
xl2tpd> ASCII: {    0                       l                    }
xl2tpd> packet dump: 
xl2tpd> HEX: { 02 C8 1C 00 6B 36 6C B8 05 00 07 00 80 08 00 00 00 00 00 0B 80 08 00 00 00 0E 32 B1 }
xl2tpd> ASCII: {     k6l                   2 }
xl2tpd> packet dump: 
xl2tpd> HEX: { xl2tpd[1465]: control_finish: Sending ICCN
xl2tpd> xl2tpd[1465]: Call established with 172.30.0.1, Local: 47212, Remote: 12977, Serial: 3 (ref=0/0)
ze> time=2026-09-22T05:25:56.059Z level=INFO msg="l2tp: ICRP sent; session wait-connect" subsystem=l2tp local-tid=1702 peer=172.30.0.2:1702 local-sid=12977 remote-sid=47212 call-serial=3
ze> time=2026-09-22T05:25:56.060Z level=INFO msg="l2tp: session established (incoming LNS)" subsystem=l2tp local-tid=1702 peer=172.30.0.2:1702 local-sid=12977 remote-sid=47212 tx-speed=0 framing=0x00000001
ze> time=2026-09-22T05:25:56.060Z level=INFO msg="l2tp: kernel tunnel created" subsystem=l2tp local-tid=1702 remote-tid=13931 peer-addr=172.30.0.2:1702
ze> time=2026-09-22T05:25:56.061Z level=INFO msg="l2tp: kernel session established" subsystem=l2tp tunnel-id=1702 session-id=12977 ppp-unit=0
ze> time=2026-09-22T05:25:59.062Z level=DEBUG msg="ppp: LCP Restart timer expired" subsystem=l2tp component=ppp tunnel-id=1702 session-id=12977 unit=0 state=ack-sent restart-count=9
ze> time=2026-09-22T05:25:59.063Z level=WARN msg="l2tp-auth-local: no users configured; rejecting" subsystem=l2tp.auth.local tunnel=1702 session=12977 username=""
ze> time=2026-09-22T05:25:59.063Z level=WARN msg="ppp: session failed" subsystem=l2tp component=ppp tunnel-id=1702 session-id=12977 unit=0 reason="auth rejected: no users configured"
xl2tpd> xl2tpd[1465]: message_type_avp: message type 14 (Call-Disconnect-Notify)
xl2tpd> xl2tpd[1465]: result_code_avp: peer closing for reason 2 (General error--Error Code indicates the problem), error = -1 ()
xl2tpd> xl2tpd[1465]: assigned_call_avp: using peer's call 12977
xl2tpd> xl2tpd[1465]: control_finish: message type is Call-Disconnect-Notify(14).  Tunnel is 1702, call is 12977.
xl2tpd> xl2tpd[1465]: control_finish: Connection closed to 172.30.0.1, serial 3 ()
ze> time=2026-09-22T05:25:59.064Z level=INFO msg="l2tp: CDN sent; session destroyed" subsystem=l2tp local-sid=12977 remote-sid=47212 result-code=2
ze> time=2026-09-22T05:25:59.064Z level=INFO msg="l2tp: PPP requested session teardown; sending CDN" subsystem=l2tp tunnel-id=1702 session-id=12977 reason="auth rejected: no users configured"
ze> time=2026-09-22T05:25:59.064Z level=WARN msg="l2tp: kernel session delete failed" subsystem=l2tp tunnel-id=1702 session-id=12977 error="l2tp: genl session delete (tunnel=1702 session=12977): no such device"
ze> time=2026-09-22T05:25:59.064Z level=INFO msg="l2tp: kernel tunnel deleted" subsystem=l2tp tunnel-id=1702
xl2tpd> xl2tpd[1465]: Calling on tunnel 13931
xl2tpd> xl2tpd[1465]: control_finish: message type is (null)(0).  Tunnel is 1702, call is 0.
xl2tpd> xl2tpd[1465]: control_finish: sending ICRQ
xl2tpd> xl2tpd[1465]: message_type_avp: message type 11 (Incoming-Call-Reply)
xl2tpd> xl2tpd[1465]: assigned_call_avp: using peer's call 22267
xl2tpd> xl2tpd[1465]: control_finish: message type is Incoming-Call-Reply(11).  Tunnel is 1702, call is 22267.
xl2tpd> C8 02 00 32 06 A6 32 B1 00 07 00 06 80 08 00 00 00 00 00 0C 80 0A 00 00 00 18 00 00 00 00 80 0A 00 00 00 13 00 00 00 01 00 0A 00 00 00 26 00 00 00 00 }
ze> time=2026-09-22T05:26:00.066Z level=INFO msg="l2tp: ICRP sent; session wait-connect" subsystem=l2tp local-tid=1702 peer=172.30.0.2:1702 local-sid=22267 remote-sid=3600 call-serial=4
xl2tpd> ASCII: {    2  2                                      &    }
xl2tpd> packet dump: 
xl2tpd> HEX: { 02 C8 0C 00 6B 36 00 00 06 00 08 00 }
xl2tpd> ASCII: {     k6      }
xl2tpd> packet dump: 
xl2tpd> HEX: { 02 C8 24 00 6B 36 6C B8 06 00 08 00 80 08 00 00 00 00 00 0E 80 08 00 00 00 01 00 02 80 08 00 00 00 0E 32 B1 }
xl2tpd> ASCII: {   $ k6l                           2 }
xl2tpd> packet dump: 
xl2tpd> HEX: { C8 02 00 30 06 A6 00 00 00 08 00 07 80 08 00 00 00 00 00 0A 80 08 00 00 00 0E 0E 10 80 0A 00 00 00 0F 00 00 00 04 80 0A 00 00 00 12 00 00 00 00 }
xl2tpd> ASCII: {    0                                            }
xl2tpd> packet dump: 
xl2tpd> HEX: { 02 C8 1C 00 6B 36 10 0E 07 00 09 00 80 08 00 00 00 00 00 0B 80 08 00 00 00 0E 56 FB }
xl2tpd> ASCII: {     k6                    V }
xl2tpd> packet dump: 
xl2tpd> HEX: { C8 02 00 32 06 A6 56 FB 00 09 00 08 80 08 00 00 00 00 00 0C 80 0A 00 00 00 18 00 00 00 00 80 0A 00 00 00 13 00 00 00 01 00 0A 00 00 00 26 00 00 00 00 }
xl2tpd> ASCII: { xl2tpd[1465]: control_finish: Sending ICCN
xl2tpd> xl2tpd[1465]: Call established with 172.30.0.1, Local: 3600, Remote: 22267, Serial: 4 (ref=0/0)
ze> time=2026-09-22T05:26:00.066Z level=INFO msg="l2tp: session established (incoming LNS)" subsystem=l2tp local-tid=1702 peer=172.30.0.2:1702 local-sid=22267 remote-sid=3600 tx-speed=0 framing=0x00000001
ze> time=2026-09-22T05:26:00.067Z level=INFO msg="l2tp: kernel tunnel created" subsystem=l2tp local-tid=1702 remote-tid=13931 peer-addr=172.30.0.2:1702
ze> time=2026-09-22T05:26:00.068Z level=INFO msg="l2tp: kernel session established" subsystem=l2tp tunnel-id=1702 session-id=22267 ppp-unit=0
ze> time=2026-09-22T05:26:03.069Z level=DEBUG msg="ppp: LCP Restart timer expired" subsystem=l2tp component=ppp tunnel-id=1702 session-id=22267 unit=0 state=ack-sent restart-count=9
ze> time=2026-09-22T05:26:03.070Z level=WARN msg="l2tp-auth-local: no users configured; rejecting" subsystem=l2tp.auth.local tunnel=1702 session=22267 username=""
ze> time=2026-09-22T05:26:03.070Z level=WARN msg="ppp: session failed" subsystem=l2tp component=ppp tunnel-id=1702 session-id=22267 unit=0 reason="auth rejected: no users configured"
ze> time=2026-09-22T05:26:03.071Z level=INFO msg="l2tp: CDN sent; session destroyed" subsystem=l2tp local-sid=22267 remote-sid=3600 result-code=2
ze> time=2026-09-22T05:26:03.071Z level=INFO msg="l2tp: PPP requested session teardown; sending CDN" subsystem=l2tp tunnel-id=1702 session-id=22267 reason="auth rejected: no users configured"
ze> time=2026-09-22T05:26:03.071Z level=WARN msg="l2tp: kernel session delete failed" subsystem=l2tp tunnel-id=1702 session-id=22267 error="l2tp: genl session delete (tunnel=1702 session=22267): no such device"
ze> time=2026-09-22T05:26:03.072Z level=INFO msg="l2tp: kernel tunnel deleted" subsystem=l2tp tunnel-id=1702
xl2tpd> xl2tpd[1465]: message_type_avp: message type 14 (Call-Disconnect-Notify)
xl2tpd> xl2tpd[1465]: result_code_avp: peer closing for reason 2 (General error--Error Code indicates the problem), error = -1 ()
xl2tpd> xl2tpd[1465]: assigned_call_avp: using peer's call 22267
xl2tpd> xl2tpd[1465]: control_finish: message type is Call-Disconnect-Notify(14).  Tunnel is 1702, call is 22267.
xl2tpd> xl2tpd[1465]: control_finish: Connection closed to 172.30.0.1, serial 4 ()
xl2tpd> xl2tpd[1465]: Calling on tunnel 13931
xl2tpd> xl2tpd[1465]: control_finish: message type is (null)(0).  Tunnel is 1702, call is 0.
xl2tpd> xl2tpd[1465]: control_finish: sending ICRQ
xl2tpd> xl2tpd[1465]: message_type_avp: message type 11 (Incoming-Call-Reply)
xl2tpd> xl2tpd[1465]: assigned_call_avp: using peer's call 36647
xl2tpd> xl2tpd[1465]: control_finish: message type is Incoming-Call-Reply(11).  Tunnel is 1702, call is 36647.
xl2tpd> xl2tpd[1465]: control_finish: Sending ICCN
xl2tpd> xl2tpd[1465]: Call established with 172.30.0.1, Local: 39349, Remote: 36647, Serial: 5 (ref=0/0)
ze> time=2026-09-22T05:26:04.073Z level=INFO msg="l2tp: ICRP sent; session wait-connect" subsystem=l2tp local-tid=1702 peer=172.30.0.2:1702 local-sid=36647 remote-sid=39349 call-serial=5
ze> time=2026-09-22T05:26:04.074Z level=INFO msg="l2tp: session established (incoming LNS)" subsystem=l2tp local-tid=1702 peer=172.30.0.2:1702 local-sid=36647 remote-sid=39349 tx-speed=0 framing=0x00000001
ze> time=2026-09-22T05:26:04.074Z level=INFO msg="l2tp: kernel tunnel created" subsystem=l2tp local-tid=1702 remote-tid=13931 peer-addr=172.30.0.2:1702
ze> time=2026-09-22T05:26:04.075Z level=INFO msg="l2tp: kernel session established" subsystem=l2tp tunnel-id=1702 session-id=36647 ppp-unit=0
ze> time=2026-09-22T05:26:07.077Z level=DEBUG msg="ppp: LCP Restart timer expired" subsystem=l2tp component=ppp tunnel-id=1702 session-id=36647 unit=0 state=ack-sent restart-count=9
ze> time=2026-09-22T05:26:07.078Z level=WARN msg="l2tp-auth-local: no users configured; rejecting" subsystem=l2tp.auth.local tunnel=1702 session=36647 username=""
ze> time=2026-09-22T05:26:07.078Z level=WARN msg="ppp: session failed" subsystem=l2tp component=ppp tunnel-id=1702 session-id=36647 unit=0 reason="auth rejected: no users configured"
xl2tpd>    2  V                                      &    }
xl2tpd> packet dump: 
xl2tpd> HEX: { 02 C8 0C 00 6B 36 00 00 08 00 0A 00 }
xl2tpd> ASCII: {     k6      }
xl2tpd> packet dump: 
xl2tpd> HEX: { 02 C8 24 00 6B 36 10 0E 08 00 0A 00 80 08 00 00 00 00 00 0E 80 08 00 00 00 01 00 02 80 08 00 00 00 0E 56 FB }
xl2tpd> ASCII: {   $ k6                            V }
xl2tpd> packet dump: 
ze> time=2026-09-22T05:26:07.078Z level=INFO msg="l2tp: CDN sent; session destroyed" subsystem=l2tp local-sid=36647 remote-sid=39349 result-code=2
ze> time=2026-09-22T05:26:07.078Z level=INFO msg="l2tp: PPP requested session teardown; sending CDN" subsystem=l2tp tunnel-id=1702 session-id=36647 reason="auth rejected: no users configured"
ze> time=2026-09-22T05:26:07.078Z level=WARN msg="l2tp: kernel session delete failed" subsystem=l2tp tunnel-id=1702 session-id=36647 error="l2tp: genl session delete (tunnel=1702 session=36647): no such device"
ze> time=2026-09-22T05:26:07.079Z level=INFO msg="l2tp: kernel tunnel deleted" subsystem=l2tp tunnel-id=1702
xl2tpd> HEX: { C8 02 00 30 06 A6 00 00 00 0A 00 09 80 08 00 00 00 00 00 0A 80 08 00 00 00 0E 99 B5 80 0A 00 00 00 0F 00 00 00 05 80 0A 00 00 00 12 00 00 00 00 }
xl2tpd> ASCII: {    0                                            }
xl2tpd> packet dump: 
xl2tpd> HEX: { 02 C8 1C 00 6B 36 B5 99 09 00 0B 00 80 08 00 00 00 00 00 0B 80 08 00 00 00 0E 8F 27 }
xl2tpd> ASCII: {     k6                     '}
xl2tpd> packet dump: 
xl2tpd> HEX: { C8 02 00 32 06 A6 8F 27 00 0B 00 0A 80 08 00 00 00 00 00 0C 80 0A 00 00 00 18 00 00 00 00 80 0A 00 00 00 13 00 00 00 01 00 0A 00 00 00 26 00 00 00 00 }
xl2tpd> ASCII: {    2   '                                     &    }
xl2tpd> packet dump: 
xl2tpd> HEX: { 02 C8 0C 00 6B 36 00 00 0A 00 0C 00 }
xl2tpd> ASCII: {     k6      }
xl2tpd> packet dump: 
xl2tpd> HEX: { 02 C8xl2tpd[1465]: message_type_avp: message type 14 (Call-Disconnect-Notify)
xl2tpd> xl2tpd[1465]: result_code_avp: peer closing for reason 2 (General error--Error Code indicates the problem), error = -1 ()
xl2tpd> xl2tpd[1465]: assigned_call_avp: using peer's call 36647
xl2tpd> xl2tpd[1465]: control_finish: message type is Call-Disconnect-Notify(14).  Tunnel is 1702, call is 36647.
xl2tpd> xl2tpd[1465]: control_finish: Connection closed to 172.30.0.1, serial 5 ()
xl2tpd> xl2tpd[1465]: Calling on tunnel 13931
xl2tpd> xl2tpd[1465]: control_finish: message type is (null)(0).  Tunnel is 1702, call is 0.
xl2tpd> xl2tpd[1465]: control_finish: sending ICRQ
xl2tpd> xl2tpd[1465]: message_type_avp: message type 11 (Incoming-Call-Reply)
xl2tpd> xl2tpd[1465]: assigned_call_avp: using peer's call 34159
xl2tpd> xl2tpd[1465]: control_finish: message type is Incoming-Call-Reply(11).  Tunnel is 1702, call is 34159.
xl2tpd> xl2tpd[1465]: control_finish: Sending ICCN
xl2tpd> xl2tpd[1465]: Call established with 172.30.0.1, Local: 55971, Remote: 34159, Serial: 6 (ref=0/0)
ze> time=2026-09-22T05:26:08.080Z level=INFO msg="l2tp: ICRP sent; session wait-connect" subsystem=l2tp local-tid=1702 peer=172.30.0.2:1702 local-sid=34159 remote-sid=55971 call-serial=6
ze> time=2026-09-22T05:26:08.081Z level=INFO msg="l2tp: session established (incoming LNS)" subsystem=l2tp local-tid=1702 peer=172.30.0.2:1702 local-sid=34159 remote-sid=55971 tx-speed=0 framing=0x00000001
ze> time=2026-09-22T05:26:08.081Z level=INFO msg="l2tp: kernel tunnel created" subsystem=l2tp local-tid=1702 remote-tid=13931 peer-addr=172.30.0.2:1702
ze> time=2026-09-22T05:26:08.082Z level=INFO msg="l2tp: kernel session established" subsystem=l2tp tunnel-id=1702 session-id=34159 ppp-unit=0
ze> time=2026-09-22T05:26:11.083Z level=DEBUG msg="ppp: LCP Restart timer expired" subsystem=l2tp component=ppp tunnel-id=1702 session-id=34159 unit=0 state=ack-sent restart-count=9
ze> time=2026-09-22T05:26:11.084Z level=WARN msg="l2tp-auth-local: no users configured; rejecting" subsystem=l2tp.auth.local tunnel=1702 session=34159 username=""
ze> time=2026-09-22T05:26:11.085Z level=WARN msg="ppp: session failed" subsystem=l2tp component=ppp tunnel-id=1702 session-id=34159 unit=0 reason="auth rejected: no users configured"
xl2tpd> xl2tpd[1465]: message_type_avp: message type 14 (Call-Disconnect-Notify)
xl2tpd> xl2tpd[1465]: result_code_avp: peer closing for reason 2 (General error--Error Code indicates the problem), error = -1 ()
xl2tpd> xl2tpd[1465]: assigned_call_avp: using peer's call 34159
xl2tpd> xl2tpd[1465]: control_finish: message type is Call-Disconnect-Notify(14).  Tunnel is 1702, call is 34159.
xl2tpd> xl2tpd[1465]: control_finish: Connection closed to 172.30.0.1, serial 6 ()
ze> time=2026-09-22T05:26:11.085Z level=INFO msg="l2tp: CDN sent; session destroyed" subsystem=l2tp local-sid=34159 remote-sid=55971 result-code=2
ze> time=2026-09-22T05:26:11.085Z level=INFO msg="l2tp: PPP requested session teardown; sending CDN" subsystem=l2tp tunnel-id=1702 session-id=34159 reason="auth rejected: no users configured"
ze> time=2026-09-22T05:26:11.085Z level=WARN msg="l2tp: kernel session delete failed" subsystem=l2tp tunnel-id=1702 session-id=34159 error="l2tp: genl session delete (tunnel=1702 session=34159): no such device"
ze> time=2026-09-22T05:26:11.085Z level=INFO msg="l2tp: kernel tunnel deleted" subsystem=l2tp tunnel-id=1702
xl2tpd> xl2tpd[1465]: Calling on tunnel 13931
xl2tpd> xl2tpd[1465]: control_finish: message type is (null)(0).  Tunnel is 1702, call is 0.
xl2tpd>  24 00 6B 36 B5 99 0A 00 0C 00 80 08 00 00 00 00 00 0E 80 08 00 00 00 01 00 02 80 08 00 00 00 0E 8F 27 }
xl2tpd> ASCII: {   $ k6                             '}
xl2tpd> packet dump: 
xl2tpd> HEX: { C8 02 00 30 06 A6 00 00 00 0C 00 0B 80 08 00 00 00 00 00 0A 80 08 00 00 00 0E DA A3 80 0A 00 00 00 0F 00 00 00 06 80 0A 00 00 00 12 00 00 00 00 }
xl2tpd> ASCII: {    0                                            }
xl2tpd> packet dump: 
xl2tpd> HEX: { 02 C8 1C 00 6B 36 A3 DA 0B 00 0D 00 80 08 00 00 00 00 00 0B 80 08 00 00 00 0E 85 6F }
xl2tpd> ASCII: {     k6                     o}
xl2tpd> packet dump: 
xl2tpd> HEX: { C8 02 00 32 06 A6 85 6F 00 0D 00 0C 80 08 00 00 00 00 00 0C 80 0A 00 00 00 18 00 00 00 00 80 0A 00 00 00 13 00 00 00 01 00 0A 00 00 00 26 00 00 00 00 }
xl2tpd> ASCII: {    2   o                                     &    }
xl2tpd> packet dump: 
xl2tpd> HEX: { 02 C8 0C 00 6B 36 00 00 0C 00 0E 00 }
xl2tpd> ASCII: {     k6      }
xl2tpd> packet dump: 
xl2tpd> HEX: { 02 C8 24 00 6B 36 A3 DA 0C 00 0E 00 80 08 00 00 00 00 00 0E 80 08 00 00 00 01 00 02 80 08 00 00 00 0E 85 6F }
xl2tpd> ASCII: {   $ k6                             o}
xl2tpd> packet dump: 
xl2tpd> HEX: { xl2tpd[1465]: control_finish: sending ICRQ
xl2tpd> xl2tpd[1465]: message_type_avp: message type 11 (Incoming-Call-Reply)
xl2tpd> xl2tpd[1465]: assigned_call_avp: using peer's call 29398
xl2tpd> xl2tpd[1465]: control_finish: message type is Incoming-Call-Reply(11).  Tunnel is 1702, call is 29398.
xl2tpd> xl2tpd[1465]: control_finish: Sending ICCN
xl2tpd> xl2tpd[1465]: Call established with 172.30.0.1, Local: 46389, Remote: 29398, Serial: 7 (ref=0/0)
ze> time=2026-09-22T05:26:12.087Z level=INFO msg="l2tp: ICRP sent; session wait-connect" subsystem=l2tp local-tid=1702 peer=172.30.0.2:1702 local-sid=29398 remote-sid=46389 call-serial=7
ze> time=2026-09-22T05:26:12.088Z level=INFO msg="l2tp: session established (incoming LNS)" subsystem=l2tp local-tid=1702 peer=172.30.0.2:1702 local-sid=29398 remote-sid=46389 tx-speed=0 framing=0x00000001
ze> time=2026-09-22T05:26:12.088Z level=INFO msg="l2tp: kernel tunnel created" subsystem=l2tp local-tid=1702 remote-tid=13931 peer-addr=172.30.0.2:1702
ze> time=2026-09-22T05:26:12.089Z level=INFO msg="l2tp: kernel session established" subsystem=l2tp tunnel-id=1702 session-id=29398 ppp-unit=0
ze> time=2026-09-22T05:26:15.091Z level=DEBUG msg="ppp: LCP Restart timer expired" subsystem=l2tp component=ppp tunnel-id=1702 session-id=29398 unit=0 state=ack-sent restart-count=9
ze> time=2026-09-22T05:26:15.091Z level=WARN msg="l2tp-auth-local: no users configured; rejecting" subsystem=l2tp.auth.local tunnel=1702 session=29398 username=""
ze> time=2026-09-22T05:26:15.092Z level=WARN msg="ppp: session failed" subsystem=l2tp component=ppp tunnel-id=1702 session-id=29398 unit=0 reason="auth rejected: no users configured"
xl2tpd> xl2tpd[1465]: message_type_avp: message type 14 (Call-Disconnect-Notify)
xl2tpd> xl2tpd[1465]: result_code_avp: peer closing for reason 2 (General error--Error Code indicates the problem), error = -1 ()
xl2tpd> xl2tpd[1465]: assigned_call_avp: using peer's call 29398
xl2tpd> xl2tpd[1465]: control_finish: message type is Call-Disconnect-Notify(14).  Tunnel is 1702, call is 29398.
xl2tpd> xl2tpd[1465]: control_finish: Connection closed to 172.30.0.1, serial 7 ()
ze> time=2026-09-22T05:26:15.092Z level=INFO msg="l2tp: CDN sent; session destroyed" subsystem=l2tp local-sid=29398 remote-sid=46389 result-code=2
ze> time=2026-09-22T05:26:15.092Z level=INFO msg="l2tp: PPP requested session teardown; sending CDN" subsystem=l2tp tunnel-id=1702 session-id=29398 reason="auth rejected: no users configured"
ze> time=2026-09-22T05:26:15.092Z level=WARN msg="l2tp: kernel session delete failed" subsystem=l2tp tunnel-id=1702 session-id=29398 error="l2tp: genl session delete (tunnel=1702 session=29398): no such device"
ze> time=2026-09-22T05:26:15.092Z level=INFO msg="l2tp: kernel tunnel deleted" subsystem=l2tp tunnel-id=1702
xl2tpd> xl2tpd[1465]: Calling on tunnel 13931
xl2tpd> xl2tpd[1465]: control_finish: message type is (null)(0).  Tunnel is 1702, call is 0.
xl2tpd> C8 02 00 30 06 A6 00 00 00 0E 00 0D 80 08 00 00 00 00 00 0A 80 08 00 00 00 0E B5 35 80 0A 00 00 00 0F 00 00 00 07 80 0A 00 00 00 12 00 00 00 00 }
xl2tpd> ASCII: {    0                       5                    }
xl2tpd> packet dump: 
xl2tpd> HEX: { 02 C8 1C 00 6B 36 35 B5 0D 00 0F 00 80 08 00 00 00 00 00 0B 80 08 00 00 00 0E 72 D6 }
xl2tpd> ASCII: {     k65                   r }
xl2tpd> packet dump: 
xl2tpd> HEX: { C8 02 00 32 06 A6 72 D6 00 0F 00 0E 80 08 00 00 00 00 00 0C 80 0A 00 00 00 18 00 00 00 00 80 0A 00 00 00 13 00 00 00 01 00 0A 00 00 00 26 00 00 00 00 }
xl2tpd> ASCII: {    2  r                                      &    }
xl2tpd> packet dump: 
xl2tpd> HEX: { 02 C8 0C 00 6B 36 00 00 0E 00 10 00 }
xl2tpd> ASCII: {     k6      }
xl2tpd> packet dump: 
xl2tpd> HEX: { 02 C8 24 00 6B 36 35 B5 0E 00 10 00 80 08 00 00 00 00 00 0E 80 08 00 00 00 01 00 02 80 08 00 00 00 0E 72 D6 }
xl2tpd> ASCII: {   $ k65                           r }
xl2tpd> packet dump: 
xl2tpd> HEX: { C8 02 00 30 06 A6 00 00 00 10 00 0F 80 08 00 00 00 00 00 0A 80 08 00 00 00 0E 39 44 80 0A 00 00 00 0F 00 00 00 08 80 0A 00 00 00 12 00 00 00 00 }
xl2tpd> ASCII: {    0xl2tpd[1465]: control_finish: sending ICRQ
xl2tpd> xl2tpd[1465]: message_type_avp: message type 11 (Incoming-Call-Reply)
xl2tpd> xl2tpd[1465]: assigned_call_avp: using peer's call 34624
xl2tpd> xl2tpd[1465]: control_finish: message type is Incoming-Call-Reply(11).  Tunnel is 1702, call is 34624.
xl2tpd> xl2tpd[1465]: control_finish: Sending ICCN
xl2tpd> xl2tpd[1465]: Call established with 172.30.0.1, Local: 14660, Remote: 34624, Serial: 8 (ref=0/0)
ze> time=2026-09-22T05:26:16.094Z level=INFO msg="l2tp: ICRP sent; session wait-connect" subsystem=l2tp local-tid=1702 peer=172.30.0.2:1702 local-sid=34624 remote-sid=14660 call-serial=8
ze> time=2026-09-22T05:26:16.094Z level=INFO msg="l2tp: session established (incoming LNS)" subsystem=l2tp local-tid=1702 peer=172.30.0.2:1702 local-sid=34624 remote-sid=14660 tx-speed=0 framing=0x00000001
ze> time=2026-09-22T05:26:16.095Z level=INFO msg="l2tp: kernel tunnel created" subsystem=l2tp local-tid=1702 remote-tid=13931 peer-addr=172.30.0.2:1702
ze> time=2026-09-22T05:26:16.095Z level=INFO msg="l2tp: kernel session established" subsystem=l2tp tunnel-id=1702 session-id=34624 ppp-unit=0
ze> time=2026-09-22T05:26:19.096Z level=DEBUG msg="ppp: LCP Restart timer expired" subsystem=l2tp component=ppp tunnel-id=1702 session-id=34624 unit=0 state=ack-sent restart-count=9
ze> time=2026-09-22T05:26:19.098Z level=WARN msg="l2tp-auth-local: no users configured; rejecting" subsystem=l2tp.auth.local tunnel=1702 session=34624 username=""
ze> time=2026-09-22T05:26:19.098Z level=WARN msg="ppp: session failed" subsystem=l2tp component=ppp tunnel-id=1702 session-id=34624 unit=0 reason="auth rejected: no users configured"
ze> time=2026-09-22T05:26:19.098Z level=INFO msg="l2tp: CDN sent; session destroyed" subsystem=l2tp local-sid=34624 remote-sid=14660 result-code=2
ze> time=2026-09-22T05:26:19.098Z level=INFO msg="l2tp: PPP requested session teardown; sending CDN" subsystem=l2tp tunnel-id=1702 session-id=34624 reason="auth rejected: no users configured"
xl2tpd> xl2tpd[1465]: message_type_avp: message type 14 (Call-Disconnect-Notify)
ze> time=2026-09-22T05:26:19.099Z level=WARN msg="l2tp: kernel session delete failed" subsystem=l2tp tunnel-id=1702 session-id=34624 error="l2tp: genl session delete (tunnel=1702 session=34624): no such device"
xl2tpd> xl2tpd[1465]: result_code_avp: peer closing for reason 2 (General error--Error Code indicates the problem), error = -1 ()
xl2tpd> xl2tpd[1465]: assigned_call_avp: using peer's call 34624
ze> time=2026-09-22T05:26:19.099Z level=INFO msg="l2tp: kernel tunnel deleted" subsystem=l2tp tunnel-id=1702
xl2tpd> xl2tpd[1465]: control_finish: message type is Call-Disconnect-Notify(14).  Tunnel is 1702, call is 34624.
xl2tpd> xl2tpd[1465]: control_finish: Connection closed to 172.30.0.1, serial 8 ()
xl2tpd> xl2tpd[1465]: Calling on tunnel 13931
xl2tpd> xl2tpd[1465]: control_finish: message type is (null)(0).  Tunnel is 1702, call is 0.
xl2tpd> xl2tpd[1465]: control_finish: sending ICRQ
xl2tpd>                       9D                    }
xl2tpd> packet dump: 
xl2tpd> HEX: { 02 C8 1C 00 6B 36 44 39 0F 00 11 00 80 08 00 00 00 00 00 0B 80 08 00 00 00 0E 87 40 }
xl2tpd> ASCII: {     k6D9                   @}
xl2tpd> packet dump: 
xl2tpd> HEX: { C8 02 00 32 06 A6 87 40 00 11 00 10 80 08 00 00 00 00 00 0C 80 0A 00 00 00 18 00 00 00 00 80 0A 00 00 00 13 00 00 00 01 00 0A 00 00 00 26 00 00 00 00 }
xl2tpd> ASCII: {    2   @                                     &    }
xl2tpd> packet dump: 
xl2tpd> HEX: { 02 C8 0C 00 6B 36 00 00 10 00 12 00 }
xl2tpd> ASCII: {     k6      }
xl2tpd> packet dump: 
xl2tpd> HEX: { 02 C8 24 00 6B 36 44 39 10 00 12 00 80 08 00 00 00 00 00 0E 80 08 00 00 00 01 00 02 80 08 00 00 00 0E 87 40 }
xl2tpd> ASCII: {   $ k6D9                           @}
xl2tpd> packet dump: 
xl2tpd> HEX: { C8 02 00 30 06 A6 00 00 00 12 00 11 80 08 00 00 00 00 00 0A 80 08 00 00 00 0E A3 9A 80 0A 00 00 00 0F 00 00 00 09 80 0A 00 00 00 12 00 00 00 00 }
xl2tpd> ASCII: {    0                                            }
xl2tpd> packet dump: 
xl2tpd> HEX: { 02 C8 1C 00 6B 36 9A A3 11 00 13 00 80 08 00 00 00 00 00 0B 80 08 00 00 00 0E 8C A1 }
xl2tpd> ASCII: { xl2tpd[1465]: message_type_avp: message type 11 (Incoming-Call-Reply)
xl2tpd> xl2tpd[1465]: assigned_call_avp: using peer's call 36001
xl2tpd> xl2tpd[1465]: control_finish: message type is Incoming-Call-Reply(11).  Tunnel is 1702, call is 36001.
xl2tpd> xl2tpd[1465]: control_finish: Sending ICCN
xl2tpd> xl2tpd[1465]: Call established with 172.30.0.1, Local: 41882, Remote: 36001, Serial: 9 (ref=0/0)
ze> time=2026-09-22T05:26:20.100Z level=INFO msg="l2tp: ICRP sent; session wait-connect" subsystem=l2tp local-tid=1702 peer=172.30.0.2:1702 local-sid=36001 remote-sid=41882 call-serial=9
ze> time=2026-09-22T05:26:20.101Z level=INFO msg="l2tp: session established (incoming LNS)" subsystem=l2tp local-tid=1702 peer=172.30.0.2:1702 local-sid=36001 remote-sid=41882 tx-speed=0 framing=0x00000001
ze> time=2026-09-22T05:26:20.101Z level=INFO msg="l2tp: kernel tunnel created" subsystem=l2tp local-tid=1702 remote-tid=13931 peer-addr=172.30.0.2:1702
ze> time=2026-09-22T05:26:20.102Z level=INFO msg="l2tp: kernel session established" subsystem=l2tp tunnel-id=1702 session-id=36001 ppp-unit=0
ze> time=2026-09-22T05:26:23.103Z level=DEBUG msg="ppp: LCP Restart timer expired" subsystem=l2tp component=ppp tunnel-id=1702 session-id=36001 unit=0 state=ack-sent restart-count=9
ze> time=2026-09-22T05:26:23.105Z level=WARN msg="l2tp-auth-local: no users configured; rejecting" subsystem=l2tp.auth.local tunnel=1702 session=36001 username=""
ze> time=2026-09-22T05:26:23.105Z level=WARN msg="ppp: session failed" subsystem=l2tp component=ppp tunnel-id=1702 session-id=36001 unit=0 reason="auth rejected: no users configured"
ze> time=2026-09-22T05:26:23.105Z level=INFO msg="l2tp: CDN sent; session destroyed" subsystem=l2tp local-sid=36001 remote-sid=41882 result-code=2
xl2tpd> xl2tpd[1465]: message_type_avp: message type 14 (Call-Disconnect-Notify)
xl2tpd> xl2tpd[1465]: result_code_avp: peer closing for reason 2 (General error--Error Code indicates the problem), error = -1 ()
xl2tpd> xl2tpd[1465]: assigned_call_avp: using peer's call 36001
xl2tpd> xl2tpd[1465]: control_finish: message type is Call-Disconnect-Notify(14).  Tunnel is 1702, call is 36001.
xl2tpd> xl2tpd[1465]: control_finish: Connection closed to 172.30.0.1, serial 9 ()
ze> time=2026-09-22T05:26:23.105Z level=INFO msg="l2tp: PPP requested session teardown; sending CDN" subsystem=l2tp tunnel-id=1702 session-id=36001 reason="auth rejected: no users configured"
ze> time=2026-09-22T05:26:23.106Z level=WARN msg="l2tp: kernel session delete failed" subsystem=l2tp tunnel-id=1702 session-id=36001 error="l2tp: genl session delete (tunnel=1702 session=36001): no such device"
ze> time=2026-09-22T05:26:23.106Z level=INFO msg="l2tp: kernel tunnel deleted" subsystem=l2tp tunnel-id=1702
xl2tpd> xl2tpd[1465]: Calling on tunnel 13931
xl2tpd> xl2tpd[1465]: control_finish: message type is (null)(0).  Tunnel is 1702, call is 0.
xl2tpd> xl2tpd[1465]: control_finish: sending ICRQ
ze> time=2026-09-22T05:26:24.107Z level=INFO msg="l2tp: ICRP sent; session wait-connect" subsystem=l2tp local-tid=1702 peer=172.30.0.2:1702 local-sid=61946 remote-sid=3107 call-serial=10
ze> time=2026-09-22T05:26:24.108Z level=INFO msg="l2tp: session established (incoming LNS)" subsystem=l2tp local-tid=1702 peer=172.30.0.2:1702 local-sid=61946 remote-sid=3107 tx-speed=0 framing=0x00000001
ze> time=2026-09-22T05:26:24.108Z level=INFO msg="l2tp: kernel tunnel created" subsystem=l2tp local-tid=1702 remote-tid=13931 peer-addr=172.30.0.2:1702
xl2tpd> xl2tpd[1465]: message_type_avp: message type 11 (Incoming-Call-Reply)
xl2tpd> xl2tpd[1465]: assigned_call_avp: using peer's call 61946
xl2tpd> xl2tpd[1465]: control_finish: message type is Incoming-Call-Reply(11).  Tunnel is 1702, call is 61946.
xl2tpd>     k6                      }
xl2tpd> packet dump: 
xl2tpd> HEX: { C8 02 00 32 06 A6 8C A1 00 13 00 12 80 08 00 00 00 00 00 0C 80 0A 00 00 00 18 00 00 00 00 80 0A 00 00 00 13 00 00 00 01 00 0A 00 00 00 26 00 00 00 00 }
xl2tpd> ASCII: {    2                                         &    }
xl2tpd> packet dump: 
xl2tpd> HEX: { 02 C8 0C 00 6B 36 00 00 12 00 14 00 }
xl2tpd> ASCII: {     k6      }
xl2tpd> packet dump: 
xl2tpd> HEX: { 02 C8 24 00 6B 36 9A A3 12 00 14 00 80 08 00 00 00 00 00 0E 80 08 00 00 00 01 00 02 80 08 00 00 00 0E 8C A1 }
xl2tpd> ASCII: {   $ k6                              }
xl2tpd> packet dump: 
ze> time=2026-09-22T05:26:24.109Z level=INFO msg="l2tp: kernel session established" subsystem=l2tp tunnel-id=1702 session-id=61946 ppp-unit=0
xl2tpd> HEX: { C8 02 00 30 06 A6 00 00 00 14 00 13 80 08 00 00 00 00 00 0A 80 08 00 00 00 0E 0C 23 80 0A 00 00 00 0F 00 00 00 0A 80 0A 00 00 00 12 00 00 00 00 }
xl2tpd> ASCII: {    0                       #                    }
xl2tpd> packet dump: 
xl2tpd> HEX: { 02 C8 1C 00 6B 36 23 0C 13 00 15 00 80 08 00 00 00 00 00 0B 80 08 00 00 00 0E F1 FA }
xl2tpd> ASCII: {     k6#                     }
xl2tpd> packet dump: 
xl2tpd> HEX: { C8 02 00 32 06 A6 F1 FA 00 15 00 14 80 08 00 00 00 00 00 0C 80 0A 00 00 00 18 00 00 00 00 80 0A 00 00 00 13 xl2tpd[1465]: control_finish: Sending ICCN
xl2tpd> xl2tpd[1465]: Call established with 172.30.0.1, Local: 3107, Remote: 61946, Serial: 10 (ref=0/0)
ze> time=2026-09-22T05:26:27.110Z level=DEBUG msg="ppp: LCP Restart timer expired" subsystem=l2tp component=ppp tunnel-id=1702 session-id=61946 unit=0 state=ack-sent restart-count=9
ze> time=2026-09-22T05:26:27.111Z level=WARN msg="l2tp-auth-local: no users configured; rejecting" subsystem=l2tp.auth.local tunnel=1702 session=61946 username=""
ze> time=2026-09-22T05:26:27.111Z level=WARN msg="ppp: session failed" subsystem=l2tp component=ppp tunnel-id=1702 session-id=61946 unit=0 reason="auth rejected: no users configured"
xl2tpd> xl2tpd[1465]: message_type_avp: message type 14 (Call-Disconnect-Notify)
xl2tpd> xl2tpd[1465]: result_code_avp: peer closing for reason 2 (General error--Error Code indicates the problem), error = -1 ()
xl2tpd> xl2tpd[1465]: assigned_call_avp: using peer's call 61946
xl2tpd> xl2tpd[1465]: control_finish: message type is Call-Disconnect-Notify(14).  Tunnel is 1702, call is 61946.
xl2tpd> xl2tpd[1465]: control_finish: Connection closed to 172.30.0.1, serial 10 ()
ze> time=2026-09-22T05:26:27.112Z level=INFO msg="l2tp: CDN sent; session destroyed" subsystem=l2tp local-sid=61946 remote-sid=3107 result-code=2
ze> time=2026-09-22T05:26:27.112Z level=INFO msg="l2tp: PPP requested session teardown; sending CDN" subsystem=l2tp tunnel-id=1702 session-id=61946 reason="auth rejected: no users configured"
ze> time=2026-09-22T05:26:27.112Z level=WARN msg="l2tp: kernel session delete failed" subsystem=l2tp tunnel-id=1702 session-id=61946 error="l2tp: genl session delete (tunnel=1702 session=61946): no such device"
ze> time=2026-09-22T05:26:27.112Z level=INFO msg="l2tp: kernel tunnel deleted" subsystem=l2tp tunnel-id=1702
xl2tpd> xl2tpd[1465]: Calling on tunnel 13931
xl2tpd> xl2tpd[1465]: control_finish: message type is (null)(0).  Tunnel is 1702, call is 0.
xl2tpd> xl2tpd[1465]: control_finish: sending ICRQ
xl2tpd> xl2tpd[1465]: message_type_avp: message type 11 (Incoming-Call-Reply)
xl2tpd> xl2tpd[1465]: assigned_call_avp: using peer's call 64796
xl2tpd> xl2tpd[1465]: control_finish: message type is Incoming-Call-Reply(11).  Tunnel is 1702, call is 64796.
xl2tpd> xl2tpd[1465]: control_finish: Sending ICCN
xl2tpd> xl2tpd[1465]: Call established with 172.30.0.1, Local: 30210, Remote: 64796, Serial: 11 (ref=0/0)
xl2tpd> 00 00 00 01 00 0A 00 00 00 26 00 00 00 00 }
xl2tpd> ASCII: {    2                                         &    }
xl2tpd> packet dump: 
xl2tpd> HEX: { 02 C8 0C 00 6B 36 00 00 14 00 16 00 }
xl2tpd> ASCII: {     k6      }
xl2tpd> packet dump: 
xl2tpd> HEX: { 02 C8 24 00 6B 36 23 0C 14 00 16 00 80 08 00 00 00 00 00 0E 80 08 00 00 00 01 00 02 80 08 00 00 00 0E F1 FA }
xl2tpd> ASCII: {   $ k6#                             }
xl2tpd> packet dump: 
ze> time=2026-09-22T05:26:28.114Z level=INFO msg="l2tp: ICRP sent; session wait-connect" subsystem=l2tp local-tid=1702 peer=172.30.0.2:1702 local-sid=64796 remote-sid=30210 call-serial=11
ze> time=2026-09-22T05:26:28.114Z level=INFO msg="l2tp: session established (incoming LNS)" subsystem=l2tp local-tid=1702 peer=172.30.0.2:1702 local-sid=64796 remote-sid=30210 tx-speed=0 framing=0x00000001
ze> time=2026-09-22T05:26:28.115Z level=INFO msg="l2tp: kernel tunnel created" subsystem=l2tp local-tid=1702 remote-tid=13931 peer-addr=172.30.0.2:1702
ze> time=2026-09-22T05:26:28.115Z level=INFO msg="l2tp: kernel session established" subsystem=l2tp tunnel-id=1702 session-id=64796 ppp-unit=0
xl2tpd> HEX: { C8 02 00 30 06 A6 00 00 00 16 00 15 80 08 00 00 00 00 00 0A 80 08 00 00 00 0E 76 02 80 0A 00 00 00 0F 00 00 00 0B 80 0A 00 00 00 12 00 00 00 00 }
xl2tpd> ASCII: {    0                      v                     }
xl2tpd> packet dump: 
xl2tpd> HEX: { 02 C8 1C 00 6B 36 02 76 15 00 17 00 80 08 00 00 00 00 00 0B 80 08 00 00 00 0E FD 1C }
xl2tpd> ASCII: {     k6 v                    }
xl2tpd> packet dump: 
xl2tpd> HEX: { C8 02 00 32 06 A6 FD 1C 00 17 00 16 80 08 00 00 00 00 00 0C 80 0A 00 00 00 18 00 00 00 00 80 0A 00 00 00 13 00 00 00 01 00 0A 00 00 00 26 00 00 00 00 }
xl2tpd> ASCII: {    2                                         &    }
xl2tpd> packet dump: 
ze> time=2026-09-22T05:26:31.117Z level=DEBUG msg="ppp: LCP Restart timer expired" subsystem=l2tp component=ppp tunnel-id=1702 session-id=64796 unit=0 state=ack-sent restart-count=9
ze> time=2026-09-22T05:26:31.118Z level=WARN msg="l2tp-auth-local: no users configured; rejecting" subsystem=l2tp.auth.local tunnel=1702 session=64796 username=""
ze> time=2026-09-22T05:26:31.118Z level=WARN msg="ppp: session failed" subsystem=l2tp component=ppp tunnel-id=1702 session-id=64796 unit=0 reason="auth rejected: no users configured"
ze> time=2026-09-22T05:26:31.118Z level=INFO msg="l2tp: CDN sent; session destroyed" subsystem=l2tp local-sid=64796 remote-sid=30210 result-code=2
xl2tpd> HEX: { 02 C8 0C 00 6B 36 00 00 16 00 18 xl2tpd[1465]: message_type_avp: message type 14 (Call-Disconnect-Notify)
xl2tpd> xl2tpd[1465]: result_code_avp: peer closing for reason 2 (General error--Error Code indicates the problem), error = -1 ()
ze> time=2026-09-22T05:26:31.118Z level=INFO msg="l2tp: PPP requested session teardown; sending CDN" subsystem=l2tp tunnel-id=1702 session-id=64796 reason="auth rejected: no users configured"
xl2tpd> xl2tpd[1465]: assigned_call_avp: using peer's call 64796
xl2tpd> xl2tpd[1465]: control_finish: message type is Call-Disconnect-Notify(14).  Tunnel is 1702, call is 64796.
xl2tpd> xl2tpd[1465]: control_finish: Connection closed to 172.30.0.1, serial 11 ()
ze> time=2026-09-22T05:26:31.119Z level=WARN msg="l2tp: kernel session delete failed" subsystem=l2tp tunnel-id=1702 session-id=64796 error="l2tp: genl session delete (tunnel=1702 session=64796): no such device"
ze> time=2026-09-22T05:26:31.119Z level=INFO msg="l2tp: kernel tunnel deleted" subsystem=l2tp tunnel-id=1702
xl2tpd> xl2tpd[1465]: Calling on tunnel 13931
xl2tpd> xl2tpd[1465]: control_finish: message type is (null)(0).  Tunnel is 1702, call is 0.
xl2tpd> xl2tpd[1465]: control_finish: sending ICRQ
xl2tpd> xl2tpd[1465]: message_type_avp: message type 11 (Incoming-Call-Reply)
xl2tpd> xl2tpd[1465]: assigned_call_avp: using peer's call 41121
xl2tpd> xl2tpd[1465]: control_finish: message type is Incoming-Call-Reply(11).  Tunnel is 1702, call is 41121.
xl2tpd> xl2tpd[1465]: control_finish: Sending ICCN
xl2tpd> xl2tpd[1465]: Call established with 172.30.0.1, Local: 50378, Remote: 41121, Serial: 12 (ref=0/0)
ze> time=2026-09-22T05:26:32.120Z level=INFO msg="l2tp: ICRP sent; session wait-connect" subsystem=l2tp local-tid=1702 peer=172.30.0.2:1702 local-sid=41121 remote-sid=50378 call-serial=12
ze> time=2026-09-22T05:26:32.121Z level=INFO msg="l2tp: session established (incoming LNS)" subsystem=l2tp local-tid=1702 peer=172.30.0.2:1702 local-sid=41121 remote-sid=50378 tx-speed=0 framing=0x00000001
ze> time=2026-09-22T05:26:32.121Z level=INFO msg="l2tp: kernel tunnel created" subsystem=l2tp local-tid=1702 remote-tid=13931 peer-addr=172.30.0.2:1702
ze> time=2026-09-22T05:26:32.122Z level=INFO msg="l2tp: kernel session established" subsystem=l2tp tunnel-id=1702 session-id=41121 ppp-unit=0
xl2tpd> xl2tpd[1465]: death_handler: Fatal signal 15 received
xl2tpd> 00 }
xl2tpd> ASCII: {     k6      }
xl2tpd> packet dump: 
xl2tpd> HEX: { 02 C8 24 00 6B 36 02 76 16 00 18 00 80 08 00 00 00 00 00 0E 80 08 00 00 00 01 00 02 80 08 00 00 00 0E FD 1C }
xl2tpd> ASCII: {   $ k6 v                            }
xl2tpd> packet dump: 
xl2tpd> HEX: { C8 02 00 30 06 A6 00 00 00 18 00 17 80 08 00 00 00 00 00 0A 80 08 00 00 00 0E C4 CA 80 0A 00 00 00 0F 00 00 00 0C 80 0A 00 00 00 12 00 00 00 00 }
xl2tpd> ASCII: {    0                                            }
xl2tpd> packet dump: 
xl2tpd> HEX: { 02 C8 1C 00 6B 36 CA C4 17 00 19 00 80 08 00 00 00 00 00 0B 80 08 00 00 00 0E A0 A1 }
xl2tpd> ASCII: {     k6                      }
xl2tpd> packet dump: 
xl2tpd> HEX: { C8 02 00 32 06 A6 A0 A1 00 19 00 18 80 08 00 00 00 00 00 0C 80 0A 00 00 00 18 00 00 00 00 80 0A 00 00 00 13 00 00 00 01 00 0A 00 00 00 26 00 00 00 00 }
xl2tpd> ASCII: {    2                                         &    }
xl2tpd> packet dump: 
xl2tpd> HEX: { 02 C8 0C 00 6B 36 00 00 18 00 1A 00 }
xl2tpd> ASCII: {     k6      }
xl2tpd> packet dump: 
xl2tpd> HEX: { C8 02 00 34 06 A6 00 00 00 1A 00 18 80 08 00 00 00 00 00 04 80 08 00 00 00 09 36 6B 80 18 00 00 00 01 00 01 00
ze> time=2026-09-22T05:26:33.361Z level=INFO msg="l2tp: StopCCN clearing sessions" subsystem=l2tp local-tid=1702 peer=172.30.0.2:1702 count=1
ze> time=2026-09-22T05:26:33.362Z level=INFO msg="l2tp: peer StopCCN received; tunnel closed" subsystem=l2tp local-tid=1702 peer=172.30.0.2:1702 result=1 error-code=0 message="\"Server closing\""
ze> time=2026-09-22T05:26:33.362Z level=DEBUG msg="l2tp: tunnel socket read error" subsystem=l2tp tunnel-id=1702 error="read udp 172.30.0.1:1701->172.30.0.2:1702: read: connection refused"
ze> time=2026-09-22T05:26:33.362Z level=WARN msg="l2tp: kernel session delete failed" subsystem=l2tp tunnel-id=1702 session-id=41121 error="l2tp: genl session delete (tunnel=1702 session=41121): no such device"
ze> time=2026-09-22T05:26:33.362Z level=INFO msg="l2tp: kernel tunnel deleted" subsystem=l2tp tunnel-id=1702
ze> Shutting down (Ctrl+C again to force)...
ze> time=2026-09-22T05:26:33.364Z level=INFO msg="L2TP subsystem stopping" subsystem=l2tp
ze> Ze stopped.

--- diagnostics ---

pppd.log:
using channel 1
Using interface ppp0
Connect: ppp0 <--> 
PPPoL2TP options: debugmask 0
sent [LCP ConfReq id=0x1 <asyncmap 0x0> <magic 0x17c84c89>]
rcvd [LCP ConfAck id=0x1 <asyncmap 0x0> <magic 0x17c84c89>]
rcvd [LCP ConfReq id=0x1 <mru 1500> <magic 0x8aa6b905>]
sent [LCP ConfAck id=0x1 <mru 1500> <magic 0x8aa6b905>]
PPPoL2TP options: debugmask 0
kernel does not support PPP filtering
sent [IPCP ConfReq id=0x1 <addr 0.0.0.0>]
using channel 2
Using interface ppp0
Connect: ppp0 <--> 
PPPoL2TP options: debugmask 0
sent [LCP ConfReq id=0x1 <asyncmap 0x0> <magic 0xcb8b830a>]
rcvd [LCP ConfAck id=0x1 <asyncmap 0x0> <magic 0xcb8b830a>]
sent [LCP ConfReq id=0x1 <asyncmap 0x0> <magic 0xcb8b830a>]
rcvd [LCP ConfReq id=0x1 <mru 1500> <magic 0x5eae7239>]
sent [LCP ConfAck id=0x1 <mru 1500> <magic 0x5eae7239>]
rcvd [LCP ConfAck id=0x1 <asyncmap 0x0> <magic 0xcb8b830a>]
PPPoL2TP options: debugmask 0
kernel does not support PPP filtering
sent [IPCP ConfReq id=0x1 <addr 0.0.0.0>]
using channel 3
Using interface ppp0
Connect: ppp0 <--> 
PPPoL2TP options: debugmask 0
sent [LCP ConfReq id=0x1 <asyncmap 0x0> <magic 0x79bac506>]
rcvd [LCP ConfAck id=0x1 <asyncmap 0x0> <magic 0x79bac506>]
rcvd [LCP ConfReq id=0x1 <mru 1500> <magic 0xcc2ff7d1>]
sent [LCP ConfAck id=0x1 <mru 1500> <magic 0xcc2ff7d1>]
PPPoL2TP options: debugmask 0
kernel does not support PPP filtering
sent [IPCP ConfReq id=0x1 <addr 0.0.0.0>]
using channel 4
Using interface ppp0
Connect: ppp0 <--> 
PPPoL2TP options: debugmask 0
sent [LCP ConfReq id=0x1 <asyncmap 0x0> <magic 0x6652014a>]
rcvd [LCP ConfAck id=0x1 <asyncmap 0x0> <magic 0x6652014a>]
rcvd [LCP ConfReq id=0x1 <mru 1500> <magic 0xaf677775>]
sent [LCP ConfAck id=0x1 <mru 1500> <magic 0xaf677775>]
PPPoL2TP options: debugmask 0
kernel does not support PPP filtering
sent [IPCP ConfReq id=0x1 <addr 0.0.0.0>]
using channel 5
Using interface ppp0
Connect: ppp0 <--> 
PPPoL2TP options: debugmask 0
sent [LCP ConfReq id=0x1 <asyncmap 0x0> <magic 0x71fb285e>]
rcvd [LCP ConfAck id=0x1 <asyncmap 0x0> <magic 0x71fb285e>]
rcvd [LCP ConfReq id=0x1 <mru 1500> <magic 0xe10b612e>]
sent [LCP ConfAck id=0x1 <mru 1500> <magic 0xe10b612e>]
PPPoL2TP options: debugmask 0
kernel does not support PPP filtering
sent [IPCP ConfReq id=0x1 <addr 0.0.0.0>]
using channel 6
Using interface ppp0
Connect: ppp0 <--> 
PPPoL2TP options: debugmask 0
sent [LCP ConfReq id=0x1 <asyncmap 0x0> <magic 0x72a39cc9>]
rcvd [LCP ConfAck id=0x1 <asyncmap 0x0> <magic 0x72a39cc9>]
rcvd [LCP ConfReq id=0x1 <mru 1500> <magic 0xd442051d>]
sent [LCP ConfAck id=0x1 <mru 1500> <magic 0xd442051d>]
PPPoL2TP options: debugmask 0
kernel does not support PPP filtering
sent [IPCP ConfReq id=0x1 <addr 0.0.0.0>]
using channel 7
Using interface ppp0
Connect: ppp0 <--> 
PPPoL2TP options: debugmask 0
sent [LCP ConfReq id=0x1 <asyncmap 0x0> <magic 0x4c3df6c0>]
rcvd [LCP ConfAck id=0x1 <asyncmap 0x0> <magic 0x4c3df6c0>]
rcvd [LCP ConfReq id=0x1 <mru 1500> <magic 0x573cb961>]
sent [LCP ConfAck id=0x1 <mru 1500> <magic 0x573cb961>]
PPPoL2TP options: debugmask 0
kernel does not support PPP filtering
sent [IPCP ConfReq id=0x1 <addr 0.0.0.0>]
using channel 8
Using interface ppp0
Connect: ppp0 <--> 
PPPoL2TP options: debugmask 0
sent [LCP ConfReq id=0x1 <asyncmap 0x0> <magic 0xa84be926>]
rcvd [LCP ConfAck id=0x1 <asyncmap 0x0> <magic 0xa84be926>]
rcvd [LCP ConfReq id=0x1 <mru 1500> <magic 0x1917c35>]
sent [LCP ConfAck id=0x1 <mru 1500> <magic 0x1917c35>]
PPPoL2TP options: debugmask 0
kernel does not support PPP filtering
sent [IPCP ConfReq id=0x1 <addr 0.0.0.0>]
using channel 9
Using interface ppp0
Connect: ppp0 <--> 
PPPoL2TP options: debugmask 0
sent [LCP ConfReq id=0x1 <asyncmap 0x0> <magic 0xd15ebb5d>]
rcvd [LCP ConfAck id=0x1 <asyncmap 0x0> <magic 0xd15ebb5d>]
rcvd [LCP ConfReq id=0x1 <mru 1500> <magic 0x38c35bef>]
sent [LCP ConfAck id=0x1 <mru 1500> <magic 0x38c35bef>]
PPPoL2TP options: debugmask 0
kernel does not support PPP filtering
sent [IPCP ConfReq id=0x1 <addr 0.0.0.0>]
using channel 10
Using interface ppp0
Connect: ppp0 <--> 
PPPoL2TP options: debugmask 0
sent [LCP ConfReq id=0x1 <asyncmap 0x0> <magic 0x2df7a7e5>]
rcvd [LCP ConfAck id=0x1 <asyncmap 0x0> <magic 0x2df7a7e5>]
rcvd [LCP ConfReq id=0x1 <mru 1500> <magic 0x8e85f4f2>]
sent [LCP ConfAck id=0x1 <mru 1500> <magic 0x8e85f4f2>]
PPPoL2TP options: debugmask 0
kernel does not support PPP filtering
sent [IPCP ConfReq id=0x1 <addr 0.0.0.0>]
using channel 11
Using interface ppp0
Connect: ppp0 <--> 
PPPoL2TP options: debugmask 0
sent [LCP ConfReq id=0x1 <asyncmap 0x0> <magic 0xeadedc14>]
rcvd [LCP ConfAck id=0x1 <asyncmap 0x0> <magic 0xeadedc14>]
rcvd [LCP ConfReq id=0x1 <mru 1500> <magic 0x831d01de>]
sent [LCP ConfAck id=0x1 <mru 1500> <magic 0x831d01de>]
PPPoL2TP options: debugmask 0
kernel does not support PPP filtering
sent [IPCP ConfReq id=0x1 <addr 0.0.0.0>]
using channel 12
Using interface ppp0
Connect: ppp0 <--> 
PPPoL2TP options: debugmask 0
sent [LCP ConfReq id=0x1 <asyncmap 0x0> <magic 0xa4f93f60>]
rcvd [LCP ConfAck id=0x1 <asyncmap 0x0> <magic 0xa4f93f60>]

ze-l2tp-ppp-ze-1401 /proc/net/pppol2tp:
PPPoL2TP driver info, V2.0
TUNNEL name, user-data-ok session-count
 debug tx-pkts/bytes/errs rx-pkts/bytes/errs
  SESSION name, addr/port src-tid/sid dest-tid/sid state user-data-ok
   mtu/mru/rcvseq/sendseq/lns debug reorderto
   nr/ns tx-pkts/bytes/errs rx-pkts/bytes/errs

ze-l2tp-ppp-lac-1401 /proc/net/pppol2tp:
PPPoL2TP driver info, V2.0
TUNNEL name, user-data-ok session-count
 debug tx-pkts/bytes/errs rx-pkts/bytes/errs
  SESSION name, addr/port src-tid/sid dest-tid/sid state user-data-ok
   mtu/mru/rcvseq/sendseq/lns debug reorderto
   nr/ns tx-pkts/bytes/errs rx-pkts/bytes/errs
