--- FAIL: TestReconcileTunnelsSkipsOccupiedLSPID (0.00s)
    register_test.go:360: 
        	Error Trace:	/home/thomas/Code/github.com/ze-software/ze/main/internal/plugins/rsvpte/register_test.go:360
        	Error:      	Not equal: 
        	            	expected: rsvpte.lspKey{TunnelEndpoint:netip.Addr{addr:netip.uint128{hi:0x0, lo:0xffff0a000009}, z:unique.Handle[net/netip.addrDetail]{value:(*netip.addrDetail)(0x9b9d042390)}}, TunnelID:0x1, ExtTunnelID:0xa000001, SenderAddr:netip.Addr{addr:netip.uint128{hi:0x0, lo:0xffff0a000001}, z:unique.Handle[net/netip.addrDetail]{value:(*netip.addrDetail)(0x9b9d042390)}}, LSPID:0x2}
        	            	actual  : rsvpte.lspKey{TunnelEndpoint:netip.Addr{addr:netip.uint128{hi:0x0, lo:0xffff0a000009}, z:unique.Handle[net/netip.addrDetail]{value:(*netip.addrDetail)(0x9b9d042390)}}, TunnelID:0x1, ExtTunnelID:0xa000001, SenderAddr:netip.Addr{addr:netip.uint128{hi:0x0, lo:0xffff0a000001}, z:unique.Handle[net/netip.addrDetail]{value:(*netip.addrDetail)(0x9b9d042390)}}, LSPID:0x0}
        	            	
        	            	Diff:
        	            	--- Expected
        	            	+++ Actual
        	            	@@ -27,3 +27,3 @@
        	            	  },
        	            	- LSPID: (uint16) 2
        	            	+ LSPID: (uint16) 0
        	            	 }
        	Test:       	TestReconcileTunnelsSkipsOccupiedLSPID
        	Messages:   	skip the established predecessor's occupied ID
    register_test.go:361: 
        	Error Trace:	/home/thomas/Code/github.com/ze-software/ze/main/internal/plugins/rsvpte/register_test.go:361
        	Error:      	Not equal: 
        	            	expected: netip.Addr{addr:netip.uint128{hi:0x0, lo:0xffff0a000008}, z:unique.Handle[net/netip.addrDetail]{value:(*netip.addrDetail)(0x9b9d042390)}}
        	            	actual  : netip.Addr{addr:netip.uint128{hi:0x0, lo:0xffff0a000007}, z:unique.Handle[net/netip.addrDetail]{value:(*netip.addrDetail)(0x9b9d042390)}}
        	            	
        	            	Diff:
        	            	--- Expected
        	            	+++ Actual
        	            	@@ -3,3 +3,3 @@
        	            	   hi: (uint64) 0,
        	            	-  lo: (uint64) 281470849515528
        	            	+  lo: (uint64) 281470849515527
        	            	  },
        	Test:       	TestReconcileTunnelsSkipsOccupiedLSPID
    register_test.go:364: 
        	Error Trace:	/home/thomas/Code/github.com/ze-software/ze/main/internal/plugins/rsvpte/register_test.go:159
        	            				/home/thomas/Code/github.com/ze-software/ze/main/internal/plugins/rsvpte/register_test.go:364
        	Error:      	Should be true
        	Test:       	TestReconcileTunnelsSkipsOccupiedLSPID
FAIL
FAIL	github.com/ze-software/ze/internal/plugins/rsvpte	0.015s
FAIL
