=== RUN   TestRFCCheckEnforcesPermanentIDAllocation
=== RUN   TestRFCCheckEnforcesPermanentIDAllocation/corrected_citation
=== RUN   TestRFCCheckEnforcesPermanentIDAllocation/correction_already_at_HEAD
=== RUN   TestRFCCheckEnforcesPermanentIDAllocation/new_matching_ID
=== RUN   TestRFCCheckEnforcesPermanentIDAllocation/new_mismatched_ID
=== RUN   TestRFCCheckEnforcesPermanentIDAllocation/new_missing_citation
=== RUN   TestRFCCheckEnforcesPermanentIDAllocation/malformed_section
=== RUN   TestRFCCheckEnforcesPermanentIDAllocation/wrong_stem
=== RUN   TestRFCCheckEnforcesPermanentIDAllocation/zero_ordinal
=== RUN   TestRFCCheckEnforcesPermanentIDAllocation/duplicate_allocated_ID
=== RUN   TestRFCCheckEnforcesPermanentIDAllocation/retired_ordinal
--- PASS: TestRFCCheckEnforcesPermanentIDAllocation (6.64s)
    --- PASS: TestRFCCheckEnforcesPermanentIDAllocation/corrected_citation (0.92s)
    --- PASS: TestRFCCheckEnforcesPermanentIDAllocation/correction_already_at_HEAD (0.64s)
    --- PASS: TestRFCCheckEnforcesPermanentIDAllocation/new_matching_ID (0.64s)
    --- PASS: TestRFCCheckEnforcesPermanentIDAllocation/new_mismatched_ID (0.69s)
    --- PASS: TestRFCCheckEnforcesPermanentIDAllocation/new_missing_citation (0.64s)
    --- PASS: TestRFCCheckEnforcesPermanentIDAllocation/malformed_section (0.63s)
    --- PASS: TestRFCCheckEnforcesPermanentIDAllocation/wrong_stem (0.60s)
    --- PASS: TestRFCCheckEnforcesPermanentIDAllocation/zero_ordinal (0.65s)
    --- PASS: TestRFCCheckEnforcesPermanentIDAllocation/duplicate_allocated_ID (0.59s)
    --- PASS: TestRFCCheckEnforcesPermanentIDAllocation/retired_ordinal (0.63s)
=== RUN   TestRFCCheckIDAllocationUnknownHistory
=== RUN   TestRFCCheckIDAllocationUnknownHistory/no_git
=== RUN   TestRFCCheckIDAllocationUnknownHistory/unparsable_summary
=== RUN   TestRFCCheckIDAllocationUnknownHistory/non-blob_summary
--- PASS: TestRFCCheckIDAllocationUnknownHistory (1.49s)
    --- PASS: TestRFCCheckIDAllocationUnknownHistory/no_git (0.34s)
    --- PASS: TestRFCCheckIDAllocationUnknownHistory/unparsable_summary (0.54s)
    --- PASS: TestRFCCheckIDAllocationUnknownHistory/non-blob_summary (0.61s)
=== RUN   TestRFCCheckIDAllocationKnownEmptyHistory
=== RUN   TestRFCCheckIDAllocationKnownEmptyHistory/empty_summary
=== RUN   TestRFCCheckIDAllocationKnownEmptyHistory/absent_summary
--- PASS: TestRFCCheckIDAllocationKnownEmptyHistory (1.01s)
    --- PASS: TestRFCCheckIDAllocationKnownEmptyHistory/empty_summary (0.67s)
    --- PASS: TestRFCCheckIDAllocationKnownEmptyHistory/absent_summary (0.34s)
=== RUN   TestRFCCheckIDAllocationScopesUnreadableHistory
--- PASS: TestRFCCheckIDAllocationScopesUnreadableHistory (0.35s)
=== RUN   TestRFCCheckCitationCorrectionPreservesRetirementGuard
--- PASS: TestRFCCheckCitationCorrectionPreservesRetirementGuard (2.88s)
PASS
ok  	github.com/ze-software/ze/internal/le/rfc	13.457s
=== RUN   TestRPKIConfigCallbacksRollbackBelongsToCurrentTransaction
--- PASS: TestRPKIConfigCallbacksRollbackBelongsToCurrentTransaction (0.06s)
=== RUN   TestRPKIConfigCallbacksPartialRootsRemovalAndFailedVerify
--- PASS: TestRPKIConfigCallbacksPartialRootsRemovalAndFailedVerify (0.06s)
PASS
ok  	github.com/ze-software/ze/internal/component/bgp/plugins/rpki	1.178s
=== RUN   TestDisabledRPKISelectionFirstReceiveBecomesSelectable
--- PASS: TestDisabledRPKISelectionFirstReceiveBecomesSelectable (0.01s)
PASS
ok  	github.com/ze-software/ze/internal/component/bgp/plugins/rib	1.077s
=== RUN   TestRFC5340NSSAPropagationNeedsGlobalForwardingAddress
--- PASS: TestRFC5340NSSAPropagationNeedsGlobalForwardingAddress (0.00s)
PASS
ok  	github.com/ze-software/ze/internal/plugins/ospf	1.078s
