# github.com/ze-software/ze/internal/plugins/isis [github.com/ze-software/ze/internal/plugins/isis.test]
internal/plugins/isis/rfc1195_spf_test.go:76:33: link.EncodedLen undefined (type packet.ExtendedISReachTLV has no field or method EncodedLen)
internal/plugins/isis/rfc1195_spf_test.go:77:7: link.WriteTo undefined (type packet.ExtendedISReachTLV has no field or method WriteTo)
FAIL	github.com/ze-software/ze/internal/plugins/isis [build failed]
ok  	github.com/ze-software/ze/internal/plugins/isis/adjacency	1.038s
# github.com/ze-software/ze/internal/plugins/ospf [github.com/ze-software/ze/internal/plugins/ospf.test]
internal/plugins/ospf/bgpls_export.go:600:29: v3types.LSType(v.Type).IsRouterInformation undefined (type "github.com/ze-software/ze/internal/plugins/ospf/v3/types".LSType has no field or method IsRouterInformation)
internal/plugins/ospf/bgpls_export.go:769:44: undefined: sr.DecodeLANAdjSIDValueV6
internal/plugins/ospf/bgpls_export_test.go:204:16: tc.typ.String undefined (type "github.com/ze-software/ze/internal/plugins/ospf/v3/types".LSType has no field or method String)
internal/plugins/ospf/ext_receive_test.go:159:47: cannot use types.MaxAge (constant 3600 of type uint16) as "github.com/ze-software/ze/internal/plugins/ospf/types".LSAge value in struct literal
internal/plugins/ospf/rfc4577_test.go:11:2: "github.com/ze-software/ze/internal/plugins/ospf/packet" imported and not used
ok  	github.com/ze-software/ze/internal/plugins/isis/circuit	1.109s
ok  	github.com/ze-software/ze/internal/plugins/isis/cli	1.039s
ok  	github.com/ze-software/ze/internal/plugins/isis/lsdb	225.285s
ok  	github.com/ze-software/ze/internal/plugins/isis/packet	1.063s
ok  	github.com/ze-software/ze/internal/plugins/isis/redistribute	1.048s
ok  	github.com/ze-software/ze/internal/plugins/isis/redistribute/events	1.040s
ok  	github.com/ze-software/ze/internal/plugins/isis/spf	1.051s
ok  	github.com/ze-software/ze/internal/plugins/isis/transport	1.166s
ok  	github.com/ze-software/ze/internal/plugins/isis/types	1.044s
ok  	github.com/ze-software/ze/internal/plugins/isis/yang	1.052s
FAIL	github.com/ze-software/ze/internal/plugins/ospf [build failed]
ok  	github.com/ze-software/ze/internal/plugins/ospf/cli	1.062s
ok  	github.com/ze-software/ze/internal/plugins/ospf/iface	1.066s
ok  	github.com/ze-software/ze/internal/plugins/ospf/lsdb	1.129s
ok  	github.com/ze-software/ze/internal/plugins/ospf/neighbor	1.495s
ok  	github.com/ze-software/ze/internal/plugins/ospf/packet	1.117s
ok  	github.com/ze-software/ze/internal/plugins/ospf/redistribute	1.040s
ok  	github.com/ze-software/ze/internal/plugins/ospf/redistribute/events	1.038s
--- FAIL: TestNSSASourcePreferencePreservesOtherExits (0.00s)
    external_nssa_test.go:197: 
        	Error Trace:	/home/thomas/Code/github.com/ze-software/ze/main/internal/plugins/ospf/spf/external_nssa_test.go:197
        	Error:      	Not equal: 
        	            	expected: netip.Addr{addr:netip.uint128{hi:0x0, lo:0xffff0a000006}, z:unique.Handle[net/netip.addrDetail]{value:(*netip.addrDetail)(0xc0002da198)}}
        	            	actual  : netip.Addr{addr:netip.uint128{hi:0x0, lo:0xffff0a000008}, z:unique.Handle[net/netip.addrDetail]{value:(*netip.addrDetail)(0xc0002da198)}}
        	            	
        	            	Diff:
        	            	--- Expected
        	            	+++ Actual
        	            	@@ -3,3 +3,3 @@
        	            	   hi: (uint64) 0,
        	            	-  lo: (uint64) 281470849515526
        	            	+  lo: (uint64) 281470849515528
        	            	  },
        	Test:       	TestNSSASourcePreferencePreservesOtherExits
    external_nssa_test.go:198: 
        	Error Trace:	/home/thomas/Code/github.com/ze-software/ze/main/internal/plugins/ospf/spf/external_nssa_test.go:198
        	Error:      	Not equal: 
        	            	expected: netip.Addr{addr:netip.uint128{hi:0x0, lo:0xffff0a000008}, z:unique.Handle[net/netip.addrDetail]{value:(*netip.addrDetail)(0xc0002da198)}}
        	            	actual  : netip.Addr{addr:netip.uint128{hi:0x0, lo:0xffff0a000006}, z:unique.Handle[net/netip.addrDetail]{value:(*netip.addrDetail)(0xc0002da198)}}
        	            	
        	            	Diff:
        	            	--- Expected
        	            	+++ Actual
        	            	@@ -3,3 +3,3 @@
        	            	   hi: (uint64) 0,
        	            	-  lo: (uint64) 281470849515528
        	            	+  lo: (uint64) 281470849515526
        	            	  },
        	Test:       	TestNSSASourcePreferencePreservesOtherExits
FAIL
FAIL	github.com/ze-software/ze/internal/plugins/ospf/spf	0.119s
ok  	github.com/ze-software/ze/internal/plugins/ospf/sr	1.035s
ok  	github.com/ze-software/ze/internal/plugins/ospf/transport	1.083s
ok  	github.com/ze-software/ze/internal/plugins/ospf/types	1.038s
ok  	github.com/ze-software/ze/internal/plugins/ospf/v3/packet	1.042s
ok  	github.com/ze-software/ze/internal/plugins/ospf/v3/transport	1.067s
ok  	github.com/ze-software/ze/internal/plugins/ospf/v3/types	1.034s
?   	github.com/ze-software/ze/internal/plugins/ospf/wire	[no test files]
ok  	github.com/ze-software/ze/internal/plugins/ospf/yang	1.047s
FAIL
