rfc-requirements: 200 violation(s)

  * draft-ietf-sidrops-aspa-verification is enrolled with no valid extraction sign-off at rfc/extraction/draft-ietf-sidrops-aspa-verification.json. Enrolling gates the requirements the summary LISTS; nothing bounds what it MISSED until the source text has been walked site by site (ai/rules/rfc-compliance.md, Extraction Completeness). Run: ./le rfc extraction-create stem draft-ietf-sidrops-aspa-verification, then classify every site and section
  * rfc8414 is enrolled with no valid extraction sign-off at rfc/extraction/rfc8414.json. Enrolling gates the requirements the summary LISTS; nothing bounds what it MISSED until the source text has been walked site by site (ai/rules/rfc-compliance.md, Extraction Completeness). Run: ./le rfc extraction-create stem rfc8414, then classify every site and section
  * rfc8571 is enrolled with no valid extraction sign-off at rfc/extraction/rfc8571.json. Enrolling gates the requirements the summary LISTS; nothing bounds what it MISSED until the source text has been walked site by site (ai/rules/rfc-compliance.md, Extraction Completeness). Run: ./le rfc extraction-create stem rfc8571, then classify every site and section
  * rfc8707 is enrolled with no valid extraction sign-off at rfc/extraction/rfc8707.json. Enrolling gates the requirements the summary LISTS; nothing bounds what it MISSED until the source text has been walked site by site (ai/rules/rfc-compliance.md, Extraction Completeness). Run: ./le rfc extraction-create stem rfc8707, then classify every site and section
  * rfc9728 is enrolled with no valid extraction sign-off at rfc/extraction/rfc9728.json. Enrolling gates the requirements the summary LISTS; nothing bounds what it MISSED until the source text has been walked site by site (ai/rules/rfc-compliance.md, Extraction Completeness). Run: ./le rfc extraction-create stem rfc9728, then classify every site and section
  * DRAFT-IETF-SIDROPS-ASPA-VERIFICATION-4-1 was in rfc/short/draft-ietf-sidrops-aspa-verification.md at HEAD and is now gone. Requirement ids are permanent: deleting the line retires the obligation silently, which is exactly the move that makes a compliance claim rot. Restore the line (edit its TEXT under the same id if the wording was wrong), and annotate it if it is not met
  * DRAFT-IETF-SIDROPS-ASPA-VERIFICATION-5-1 was in rfc/short/draft-ietf-sidrops-aspa-verification.md at HEAD and is now gone. Requirement ids are permanent: deleting the line retires the obligation silently, which is exactly the move that makes a compliance claim rot. Restore the line (edit its TEXT under the same id if the wording was wrong), and annotate it if it is not met
  * DRAFT-IETF-SIDROPS-ASPA-VERIFICATION-5-2 was in rfc/short/draft-ietf-sidrops-aspa-verification.md at HEAD and is now gone. Requirement ids are permanent: deleting the line retires the obligation silently, which is exactly the move that makes a compliance claim rot. Restore the line (edit its TEXT under the same id if the wording was wrong), and annotate it if it is not met
  * DRAFT-IETF-SIDROPS-ASPA-VERIFICATION-5.1-1 was in rfc/short/draft-ietf-sidrops-aspa-verification.md at HEAD and is now gone. Requirement ids are permanent: deleting the line retires the obligation silently, which is exactly the move that makes a compliance claim rot. Restore the line (edit its TEXT under the same id if the wording was wrong), and annotate it if it is not met
  * DRAFT-IETF-SIDROPS-ASPA-VERIFICATION-5.4-1 was in rfc/short/draft-ietf-sidrops-aspa-verification.md at HEAD and is now gone. Requirement ids are permanent: deleting the line retires the obligation silently, which is exactly the move that makes a compliance claim rot. Restore the line (edit its TEXT under the same id if the wording was wrong), and annotate it if it is not met
  * DRAFT-IETF-SIDROPS-ASPA-VERIFICATION-5.4-2 was in rfc/short/draft-ietf-sidrops-aspa-verification.md at HEAD and is now gone. Requirement ids are permanent: deleting the line retires the obligation silently, which is exactly the move that makes a compliance claim rot. Restore the line (edit its TEXT under the same id if the wording was wrong), and annotate it if it is not met
  * DRAFT-IETF-SIDROPS-ASPA-VERIFICATION-5.6-1 was in rfc/short/draft-ietf-sidrops-aspa-verification.md at HEAD and is now gone. Requirement ids are permanent: deleting the line retires the obligation silently, which is exactly the move that makes a compliance claim rot. Restore the line (edit its TEXT under the same id if the wording was wrong), and annotate it if it is not met
  * DRAFT-IETF-SIDROPS-ASPA-VERIFICATION-5.6-2 was in rfc/short/draft-ietf-sidrops-aspa-verification.md at HEAD and is now gone. Requirement ids are permanent: deleting the line retires the obligation silently, which is exactly the move that makes a compliance claim rot. Restore the line (edit its TEXT under the same id if the wording was wrong), and annotate it if it is not met
  * DRAFT-IETF-SIDROPS-ASPA-VERIFICATION-5.6-3 was in rfc/short/draft-ietf-sidrops-aspa-verification.md at HEAD and is now gone. Requirement ids are permanent: deleting the line retires the obligation silently, which is exactly the move that makes a compliance claim rot. Restore the line (edit its TEXT under the same id if the wording was wrong), and annotate it if it is not met
  * DRAFT-IETF-SIDROPS-ASPA-VERIFICATION-5.6-4 was in rfc/short/draft-ietf-sidrops-aspa-verification.md at HEAD and is now gone. Requirement ids are permanent: deleting the line retires the obligation silently, which is exactly the move that makes a compliance claim rot. Restore the line (edit its TEXT under the same id if the wording was wrong), and annotate it if it is not met
  * RFC8571-x-4 was in rfc/short/rfc8571.md at HEAD and is now gone. Requirement ids are permanent: deleting the line retires the obligation silently, which is exactly the move that makes a compliance claim rot. Restore the line (edit its TEXT under the same id if the wording was wrong), and annotate it if it is not met
  * rfc/short/rfc4271.md:839: RFC4271-6.8-1 is no longer proven -- the positive test(s) that covered it at HEAD are gone. Coverage is monotonic: evidence that existed cannot quietly stop existing. Restore the test, or retire the requirement id if the obligation itself is gone. An annotation does not substitute for proof that was already there
  * rfc/short/rfc5492.md:255: RFC5492-3-3 is no longer proven -- the negative test(s) that covered it at HEAD are gone. Coverage is monotonic: evidence that existed cannot quietly stop existing. Restore the test, or retire the requirement id if the obligation itself is gone. An annotation does not substitute for proof that was already there
  * rfc/short/rfc5492.md:256: RFC5492-3-4 is no longer proven -- the negative test(s) that covered it at HEAD are gone. Coverage is monotonic: evidence that existed cannot quietly stop existing. Restore the test, or retire the requirement id if the obligation itself is gone. An annotation does not substitute for proof that was already there
  * rfc/short/rfc5492.md:257: RFC5492-5-2 is no longer proven -- the negative test(s) that covered it at HEAD are gone. Coverage is monotonic: evidence that existed cannot quietly stop existing. Restore the test, or retire the requirement id if the obligation itself is gone. An annotation does not substitute for proof that was already there
  * rfc/short/draft-ietf-bess-mup-safi.md:438: DRAFT-IETF-BESS-MUP-SAFI-3.3.12-4 [MUST] has no test and no annotation: A PE receiving a Type 2 ST route with a Direct Segment type BGP MUP Ex
  * rfc/short/draft-ietf-bess-mup-safi.md:439: DRAFT-IETF-BESS-MUP-SAFI-3.3.12-5 [MUST NOT] has no test and no annotation: DSD routes MUST NOT be used to resolve Type 2 ST routes that do not ca
  * rfc/short/draft-ietf-bess-mup-safi.md:440: DRAFT-IETF-BESS-MUP-SAFI-3.3.12-6 [MUST] has no test and no annotation: A PE receiving a Type 2 ST route with an Interwork Segment type BGP MU
  * rfc/short/draft-ietf-bess-mup-safi.md:441: DRAFT-IETF-BESS-MUP-SAFI-3.3.12-7 [MUST] has no test and no annotation: A PE receiving a Type 2 ST route without a BGP MUP Extended Community 
  * rfc/short/rfc1195.md:412: RFC1195-1.2-1 [MUST] has no test and no annotation: External links (to other routing domains) must be from level 2 routers
  * rfc/short/rfc2205.md:187: RFC2205-x-1 [MUST] has no negative test (only positive). A negative-less test cannot distinguish correct behavior from blanket accept/reject. Add one, or annotate {single-polarity: ...; why}
  * rfc/short/rfc2205.md:210: RFC2205-3-2 [MUST] has no test and no annotation: The IP source address of a Path message must be an address of the send
  * rfc/short/rfc2205.md:220: RFC2205-3-12 [MUST] has no test and no annotation: A PathTear message must be routed exactly like the corresponding Path 
  * rfc/short/rfc2205.md:245: RFC2205-3-37 [MUST] has no negative test (only positive). A negative-less test cannot distinguish correct behavior from blanket accept/reject. Add one, or annotate {single-polarity: ...; why}
  * rfc/short/rfc2205.md:248: RFC2205-3-40 [MUST] has no negative test (only positive). A negative-less test cannot distinguish correct behavior from blanket accept/reject. Add one, or annotate {single-polarity: ...; why}
  * rfc/short/rfc2205.md:249: RFC2205-3-41 [MUST] has no negative test (only positive). A negative-less test cannot distinguish correct behavior from blanket accept/reject. Add one, or annotate {single-polarity: ...; why}
  * rfc/short/rfc2205.md:250: RFC2205-3-42 [MUST] has no negative test (only positive). A negative-less test cannot distinguish correct behavior from blanket accept/reject. Add one, or annotate {single-polarity: ...; why}
  * rfc/short/rfc3209.md:251: RFC3209-2.6-1 [MUST] has no test and no annotation: An LSR MUST execute the labeled-datagram forwarding algorithm of Secti
  * rfc/short/rfc3209.md:252: RFC3209-2.6-2 [MUST] has no test and no annotation: When the datagram size exceeds M and the datagram may be fragmented, t
  * rfc/short/rfc3209.md:253: RFC3209-2.6-3 [MUST] has no test and no annotation: Each fragment of such a datagram MUST be labeled and then forwarded (S
  * rfc/short/rfc3209.md:303: RFC3209-x-1 [MUST] has no negative test (only positive). A negative-less test cannot distinguish correct behavior from blanket accept/reject. Add one, or annotate {single-polarity: ...; why}
  * rfc/short/rfc3954.md:677: RFC3954-x-22 [MUST] has no test and no annotation: The NetFlow Collector MUST store the Template Record to interpret the 
  * rfc/short/rfc3954.md:678: RFC3954-x-23 [MUST] has no test and no annotation: A NetFlow Collector that receives Export Packets from several Observat
  * rfc/short/rfc3954.md:679: RFC3954-x-24 [MUST NOT] has no test and no annotation: A Collector device MUST NOT assume that the Data FlowSet and the assoc
  * rfc/short/rfc3954.md:680: RFC3954-x-25 [MUST NOT] has no test and no annotation: The Collector MUST NOT assume that one and only one Template FlowSet i
  * rfc/short/rfc3954.md:681: RFC3954-x-26 [MUST NOT] has no test and no annotation: The Collector MUST NOT attempt to decode the Flow or Options Data Reco
  * rfc/short/rfc4271.md:839: RFC4271-6.8-1 [MUST] has no positive test (only negative). A positive-less test cannot distinguish correct behavior from blanket accept/reject. Add one, or annotate {single-polarity: ...; why}
  * rfc/short/rfc4271.md:905: RFC4271-6.3-13 [MUST] has no test and no annotation: If the optional leftmost-AS check on an UPDATE from an external peer d
  * rfc/short/rfc5492.md:255: RFC5492-3-3 [MUST NOT] has no negative test (only positive). A negative-less test cannot distinguish correct behavior from blanket accept/reject. Add one, or annotate {single-polarity: ...; why}
  * rfc/short/rfc5492.md:256: RFC5492-3-4 [MUST NOT] has no negative test (only positive). A negative-less test cannot distinguish correct behavior from blanket accept/reject. Add one, or annotate {single-polarity: ...; why}
  * rfc/short/rfc5492.md:257: RFC5492-5-2 [MUST NOT] has no negative test (only positive). A negative-less test cannot distinguish correct behavior from blanket accept/reject. Add one, or annotate {single-polarity: ...; why}
  * rfc/short/rfc5575.md:604: RFC5575-6-1 [MUST] has no test and no annotation: BGP implementations MUST enforce that the AS_PATH attribute of a route
  * rfc/short/rfc5575.md:605: RFC5575-6-2 [MUST] has no test and no annotation: Flow specification MUST be validated against unicast routing (feasibil
  * rfc/short/rfc5575.md:606: RFC5575-6-3 [MUST] has no test and no annotation: Originator matching MUST be performed: the originator of the flow spec
  * rfc/short/rfc5575.md:607: RFC5575-6-4 [MUST] has no test and no annotation: There must be no more-specific unicast routes from a different neighbo
  * rfc/short/rfc7011.md:770: RFC7011-3.4.2.1-1 [MUST] has no test and no annotation: If a different order of Scope Fields would result in a Record having a
  * rfc/short/rfc7011.md:771: RFC7011-4.1-1 [MUST] has no test and no annotation: The scope Information Element of an Options Template MUST be defined a
  * rfc/short/rfc7011.md:772: RFC7011-4.1-2 [MUST] has no test and no annotation: If present, the Options Template's scope Information Element MUST be d
  * rfc/short/rfc7011.md:773: RFC7011-4.1-3 [MUST] has no test and no annotation: If several Metering Processes are available on the Exporter Observatio
  * rfc/short/rfc7011.md:776: RFC7011-6.1.3-1 [MUST] has no test and no annotation: The float32 data type MUST be encoded as an IEEE binary32 floating poi
  * rfc/short/rfc7011.md:777: RFC7011-6.1.4-1 [MUST] has no test and no annotation: The float64 data type MUST be encoded as an IEEE binary64 floating poi
  * rfc/short/rfc7011.md:778: RFC7011-6.1.6-1 [MUST] has no test and no annotation: The string data type MUST be encoded in UTF-8 format (Section 6.1.6)
  * rfc/short/rfc7011.md:779: RFC7011-6.1.6-2 [MUST NOT] has no test and no annotation: IPFIX Exporting Processes MUST NOT send IPFIX Messages containing ill-
  * rfc/short/rfc7011.md:780: RFC7011-6.2-3 [MUST] has no test and no annotation: Under reduced-size encoding, the signed versus unsigned property of th
  * rfc/short/rfc7011.md:781: RFC7011-7-1 [MUST NOT] has no test and no annotation: The octets carrying the length of a variable-length Information Elemen
  * rfc/short/rfc7011.md:782: RFC7011-8.1-1 [MUST] has no test and no annotation: A Template Withdrawal's Set ID field MUST contain the value 2 for Temp
  * rfc/short/rfc7011.md:786: RFC7011-8.2-4 [MUST NOT] has no test and no annotation: An Exporting Process MUST NOT export any Data Sets described by a with
  * rfc/short/rfc7011.md:787: RFC7011-10-5 [MUST NOT] has no test and no annotation: Transport Session state MUST NOT be migrated by an Exporting Process o
  * rfc/short/rfc7011.md:789: RFC7011-10.2.2-1 [MUST] has no test and no annotation: For SCTP export, if Data Records are discarded, the IPFIX Sequence Num
  * rfc/short/rfc7011.md:790: RFC7011-10.3.2-1 [MUST NOT] has no test and no annotation: UDP MUST NOT be used unless the application can tolerate some loss of 
  * rfc/short/rfc7011.md:791: RFC7011-10.3.2-2 [MUST] has no negative test (only positive). A negative-less test cannot distinguish correct behavior from blanket accept/reject. Add one, or annotate {single-polarity: ...; why}
  * rfc/short/rfc7011.md:793: RFC7011-10.4.1-1 [MUST] has no test and no annotation: Data Records dropped because the TCP send buffer is full MUST be accou
  * rfc/short/rfc7011.md:794: RFC7011-10.4.4-1 [MUST NOT] has no test and no annotation: In the default configuration, an Exporting Process MUST NOT attempt to
  * rfc/short/rfc7011.md:795: RFC7011-11.1-1 [MUST] has no test and no annotation: IPFIX Exporting Processes and Collecting Processes using TCP MUST supp
  * rfc/short/rfc7011.md:796: RFC7011-11.1-2 [MUST] has no test and no annotation: IPFIX Exporting Processes and Collecting Processes using UDP or SCTP M
  * rfc/short/rfc7011.md:797: RFC7011-11.1-3 [MUST] has no test and no annotation: When using DTLS over SCTP, the Exporting Process MUST ensure that each
  * rfc/short/rfc7011.md:798: RFC7011-11.1-4 [MUST NOT] has no test and no annotation: Exporting and Collecting Processes MUST NOT request, offer, or use any
  * rfc/short/rfc7011.md:799: RFC7011-11.3-1 [MUST] has no test and no annotation: Exporting Processes MUST verify the reference identifiers of the Colle
  * rfc/short/rfc7011.md:800: RFC7011-11.3-2 [MUST NOT] has no test and no annotation: Exporting Processes MUST NOT export to non-verified Collecting Process
  * rfc/short/rfc7011.md:801: RFC7011-11.3-3 [MUST] has no test and no annotation: Exporting Processes and Collecting Processes MUST support the verifica
  * rfc/short/rfc7011.md:802: RFC7011-11.3-4 [MUST] has no test and no annotation: IPFIX Exporting Processes and Collecting Processes MUST use non-NULL c
  * rfc/short/rfc7011.md:807: RFC7011-11-1 [MUST] has no test and no annotation: To prevent man-in-the-middle attacks from impostor Exporting or Collec
  * rfc/short/rfc7012.md:344: RFC7012-2.1-5 [MUST NOT] has no test and no annotation: Where an Information Element has a valid inclusive range, values for t
  * rfc/short/rfc7432.md:669: RFC7432-6.3-4 [MUST] has no test and no annotation: The Ethernet Tag ID in all EVPN routes MUST be set to that VID, where 
  * rfc/short/rfc7432.md:670: RFC7432-7.10.1-1 [MUST] has no test and no annotation: The Global Administrator field of the RT MUST be set to the Autonomous
  * rfc/short/rfc7432.md:671: RFC7432-7.10.1-2 [MUST] has no test and no annotation: The 12-bit VLAN ID MUST be encoded in the lowest 12 bits of the Local 
  * rfc/short/rfc7432.md:674: RFC7432-8.2.1.1-1 [MUST] has no test and no annotation: The set of Ethernet A-D routes per ES MUST carry the entire set of RTs
  * rfc/short/rfc7432.md:675: RFC7432-8.3-1 [MUST] has no test and no annotation: Where a BUM packet returns to the Ethernet segment it came from, the D
  * rfc/short/rfc7432.md:676: RFC7432-8.3-2 [MUST] has no test and no annotation: The ESI label MUST be distributed by all PEs when operating in All-Act
  * rfc/short/rfc7432.md:677: RFC7432-8.3.1.1-6 [MUST] has no test and no annotation: After pushing the ESI label, the ingress PE MUST then push onto the MP
  * rfc/short/rfc7432.md:678: RFC7432-8.3.1.1-7 [MUST] has no test and no annotation: If the next label is an ESI label that has not been assigned by the re
  * rfc/short/rfc7432.md:679: RFC7432-8.3.1.2-2 [MUST] has no test and no annotation: If the next label is the ESI label assigned by the ingress PE to an ES
  * rfc/short/rfc7432.md:680: RFC7432-8.5-2 [MUST] has no test and no annotation: In the case of VLAN-(aware) bundle service, the numerically lowest VLA
  * rfc/short/rfc7432.md:682: RFC7432-10.1-5 [MUST] has no test and no annotation: Each PE that acts as a default gateway and imports the default gateway
  * rfc/short/rfc7432.md:684: RFC7432-11.2-5 [MUST] has no test and no annotation: If the originating PE uses a P-multicast tree for the P-tunnel, the PM
  * rfc/short/rfc7432.md:685: RFC7432-11.2-6 [MUST] has no test and no annotation: When aggregating EVIs onto one tree, the PMSI Tunnel attribute MUST ca
  * rfc/short/rfc7432.md:686: RFC7432-11.2-7 [MUST] has no test and no annotation: If the PE has already advertised Inclusive Multicast Ethernet Tag rout
  * rfc/short/rfc7432.md:687: RFC7432-13.1-6 [MUST] has no test and no annotation: If a distinct P2MP LSP is used for a given Ethernet tag in the EVPN in
  * rfc/short/rfc7432.md:688: RFC7432-13.1-7 [MUST] has no test and no annotation: The flooded packet MUST be encapsulated in the P2MP LSP label stack (§
  * rfc/short/rfc7432.md:689: RFC7432-17.3-3 [MUST] has no test and no annotation: When the MAC entry on the PE ages out, the PE MUST withdraw the MAC ad
  * rfc/short/rfc7474.md:174: RFC7474-8-1 [MUST] has no test and no annotation: If the non-volatile storage is ever repaired or upgraded such that the
  * rfc/short/rfc7611.md:112: RFC7611-2.1-1 [MUST NOT] has no test and no annotation: A route MUST NOT ever be accepted back into its source VRF, even if it
  * rfc/short/rfc7611.md:115: RFC7611-2.3-1 [MUST] has no test and no annotation: ACCEPT_OWN handling SHOULD be controlled by configuration, and if cont
  * rfc/short/rfc792.md:113: RFC792-Format-1 [MUST] has no negative test (only positive). A negative-less test cannot distinguish correct behavior from blanket accept/reject. Add one, or annotate {single-polarity: ...; why}
  * rfc/short/rfc8210.md:613: RFC8210-5.11-4 [MUST] has no negative test (only positive). A negative-less test cannot distinguish correct behavior from blanket accept/reject. Add one, or annotate {single-polarity: ...; why}
  * rfc/short/rfc8210.md:670: RFC8210-2-1 [MUST NOT] has no test and no annotation: While a cache is receiving updates, new incoming data and implicit del
  * rfc/short/rfc8907.md:430: RFC8907-10.5-1 [MUST] has no test and no annotation: "New implementations, and upgrades of current implementations, MUST im
  * rfc/short/rfc9086.md:363: RFC9086-3-1 [MUST] has no negative test (only positive). A negative-less test cannot distinguish correct behavior from blanket accept/reject. Add one, or annotate {single-polarity: ...; why}
  * rfc/short/rfc9086.md:364: RFC9086-3-2 [MUST] has no negative test (only positive). A negative-less test cannot distinguish correct behavior from blanket accept/reject. Add one, or annotate {single-polarity: ...; why}
  * rfc/short/rfc9086.md:367: RFC9086-5-1 [MUST] has no negative test (only positive). A negative-less test cannot distinguish correct behavior from blanket accept/reject. Add one, or annotate {single-polarity: ...; why}
  * rfc/short/rfc9086.md:370: RFC9086-5-3 [MUST] has no test and no annotation: Reserved bits in Flags MUST be zero when originated (S5)
  * rfc/short/rfc9252.md:283: RFC9252-3.2.1-5 [MUST] has no test and no annotation: "Implementations supporting this specification MUST provide a mechanis
  * rfc/short/rfc9514.md:475: RFC9514-3.1-1 [MUST] has no test and no annotation: A single instance of the SRv6 Capabilities TLV (1038) MUST be included
  * rfc/short/rfc9514.md:478: RFC9514-4.1-1 [MUST] has no test and no annotation: Reserved field in SRv6 End.X SID TLV MUST be set to 0 when originated 
  * rfc/short/rfc9514.md:480: RFC9514-4.2-1 [MUST] has no test and no annotation: Reserved field in SRv6 LAN End.X SID TLV MUST be set to 0 when origina
  * rfc/short/rfc9514.md:484: RFC9514-6-1 [MUST] has no negative test (only positive). A negative-less test cannot distinguish correct behavior from blanket accept/reject. Add one, or annotate {single-polarity: ...; why}
  * rfc/short/rfc9514.md:486: RFC9514-7.1-2 [MUST] has no test and no annotation: Undefined flags in SRv6 Endpoint Behavior TLV MUST be set to 0 when or
  * rfc/short/rfc9514.md:488: RFC9514-7.1-3 [MUST] has no test and no annotation: Algorithm value in SRv6 Endpoint Behavior TLV MUST be 0 unless an algo
  * rfc/short/rfc9552.md:706: RFC9552-5.2-3 [MUST] has no test and no annotation: For all information derived from other protocols, the corresponding Pr
  * rfc/short/rfc9552.md:707: RFC9552-5.2-4 [MUST] has no test and no annotation: The network operator MUST assign the same BGP-LS Instance-IDs on all B
  * rfc/short/rfc9552.md:708: RFC9552-5.2-5 [MUST] has no test and no annotation: Unique BGP-LS Instance-IDs MUST be assigned to routing protocol instan
  * rfc/short/rfc9552.md:709: RFC9552-5.2-6 [MUST] has no test and no annotation: When modifying TLVs in NLRI, Producer MUST withdraw the old NLRI via M
  * rfc/short/rfc9552.md:714: RFC9552-5.2.2-1 [MUST] has no negative test (only positive). A negative-less test cannot distinguish correct behavior from blanket accept/reject. Add one, or annotate {single-polarity: ...; why}
  * rfc/short/rfc9552.md:715: RFC9552-5.2.2-2 [MUST NOT] has no positive test (only negative). A positive-less test cannot distinguish correct behavior from blanket accept/reject. Add one, or annotate {single-polarity: ...; why}
  * rfc/short/rfc9552.md:716: RFC9552-5.2.2-3 [MUST NOT] has no positive test (only negative). A positive-less test cannot distinguish correct behavior from blanket accept/reject. Add one, or annotate {single-polarity: ...; why}
  * rfc/short/rfc9552.md:717: RFC9552-5.2.2-4 [MUST] has no negative test (only positive). A negative-less test cannot distinguish correct behavior from blanket accept/reject. Add one, or annotate {single-polarity: ...; why}
  * rfc/short/rfc9552.md:718: RFC9552-5.2.2-5 [MUST] has no test and no annotation: Multi-Topology Identifier TLV MUST be included as Link Descriptor if l
  * rfc/short/rfc9552.md:719: RFC9552-5.2.3.1-1 [MUST] has no test and no annotation: OSPF Route Type TLV MUST be included when the route type is signaled i
  * rfc/short/rfc9552.md:720: RFC9552-5.2.1-1 [MUST] has no test and no annotation: Auxiliary TE Router-IDs (TLVs 1028/1029) MUST be included in the node 
  * rfc/short/rfc9552.md:721: RFC9552-5.3.2.1-1 [MUST] has no test and no annotation: All auxiliary Router-IDs of both local and remote nodes MUST be includ
  * rfc/short/rfc9552.md:725: RFC9552-5.3-1 [MUST] has no test and no annotation: BGP-LS Producers MUST ensure TLVs in BGP-LS Attribute do not cause UPD
  * rfc/short/rfc9552.md:727: RFC9552-5.4-1 [MUST] has no test and no annotation: Private Use TLV value MUST include 4-octet Enterprise Code as first fi
  * rfc/short/rfc9552.md:728: RFC9552-5.2.3-1 [MUST] has no positive test (only negative). A positive-less test cannot distinguish correct behavior from blanket accept/reject. Add one, or annotate {single-polarity: ...; why}
  * rfc/short/rfc9552.md:742: RFC9552-5.2.2.1-1 [MUST] has no negative test (only positive). A negative-less test cannot distinguish correct behavior from blanket accept/reject. Add one, or annotate {single-polarity: ...; why}
  * rfc/short/rfc9552.md:745: RFC9552-8.2.3-5 [MUST] has no negative test (only positive). A negative-less test cannot distinguish correct behavior from blanket accept/reject. Add one, or annotate {single-polarity: ...; why}
  * rfc/short/rfc9552.md:757: RFC9552-5.4-2 [MUST] has no test and no annotation: For a private use NLRI type, a 4-octet field MUST be included as the f
  * rfc/short/sflow-v5.md:559: SFLOW-V5-x-30 [MUST] has no test and no annotation: "In the case of ifIndex-based source_id's the sequence number must be 
  * rfc/short/sflow-v5.md:564: SFLOW-V5-x-35 [MUST] has no test and no annotation: "Trailing encapsulation data for the outermost protocol layer included
  * rfc/short/sflow-v5.md:565: SFLOW-V5-x-36 [MUST] has no test and no annotation: "extended_switch data must always be reported to describe the ingress/
  * rfc/short/sflow-v5.md:566: SFLOW-V5-x-37 [MUST] has no test and no annotation: "The random number generator must ensure that all numbers in the range
  * rfc/short/sflow-v5.md:567: SFLOW-V5-x-38 [MUST] has no negative test (only positive). A negative-less test cannot distinguish correct behavior from blanket accept/reject. Add one, or annotate {single-polarity: ...; why}
  * rfc/short/sflow-v5.md:568: SFLOW-V5-x-39 [MUST] has no negative test (only positive). A negative-less test cannot distinguish correct behavior from blanket accept/reject. Add one, or annotate {single-polarity: ...; why}
  * rfc/short/sflow-v5.md:570: SFLOW-V5-x-41 [MUST] has no negative test (only positive). A negative-less test cannot distinguish correct behavior from blanket accept/reject. Add one, or annotate {single-polarity: ...; why}
  * rfc/short/sflow-v5.md:571: SFLOW-V5-x-42 [MUST] has no test and no annotation: After an agent adjusts a configured sampling rate, "The sampling rate 
  * internal/component/bgp/message: `go vet` cannot type-check this package, so the 120 RFC requirement(s) tagged in it are not evidence: no test here can run. Tagged here: DRAFT-ABRAITIS-BGP-VERSION-CAPABILITY-3.1-1, RFC2918-3-1, RFC2918-3-2, RFC4271-4.1-1, .... go vet said: internal/component/bgp/message/rfc6793_originate_as4_test.go:115:4: undefined: require. Fix the package so `./le verify deps unit-cached` compiles it, then re-run `./le rfc check`
  * internal/component/bgp/plugins/nlri/flowspec: `go vet` cannot type-check this package, so the 34 RFC requirement(s) tagged in it are not evidence: no test here can run. Tagged here: RFC5575-4-1, RFC5575-4-2, RFC5575-4-3, RFC5575-4-4, .... go vet said: internal/component/bgp/plugins/nlri/flowspec/fragment_rfc8956_test.go:15:64: undefined: FlowBitmaskMatch. Fix the package so `./le verify deps unit-cached` compiles it, then re-run `./le rfc check`
  * internal/component/l2tp/ppp: `go vet` cannot type-check this package, so the 96 RFC requirement(s) tagged in it are not evidence: no test here can run. Tagged here: RFC1332-2-1, RFC1332-2.1-1, RFC1332-2.1-3, RFC1332-3-1, .... go vet said: internal/component/l2tp/ppp/manager_test.go:357:6: no new variables on left side of :=. Fix the package so `./le verify deps unit-cached` compiles it, then re-run `./le rfc check`
  * rfc/short/rfc7606.md:324: RFC7606-2-1 has a STALE audit verdict -- what it judged changed: internal/component/bgp/reactor/rfc7606_session_structural_test.go::TestSessionRFC7606ValidUpdateDispatchesAnnouncement (func-scoped), internal/component/bgp/reactor/session_test.go::TestSessionRFC7606TreatAsWithdrawDispatchesWithdrawal (func-scoped). This is NOT a line shift and ./le rfc reseal will refuse it. Re-read rfc7606 with the ze-rfc-audit skill (ai/skills/ze-rfc-audit.md)
  * rfc/short/rfc7606.md:325: RFC7606-2-2 has a SHIFTED audit verdict -- the tagged unit is byte-identical and only the file around it moved (internal/component/bgp/reactor/session_test.go::TestSessionRFC7606AttributeDiscardContinues), so nothing was re-judged. Re-stamp it mechanically: ./le rfc reseal
  * rfc/short/rfc7606.md:327: RFC7606-3.b-1 has a SHIFTED audit verdict -- the tagged unit is byte-identical and only the file around it moved (internal/component/bgp/reactor/rfc7606_session_structural_test.go::TestEnforceRFC7606_SectionLengthsExactlyFitAccepted, internal/component/bgp/reactor/rfc7606_session_structural_test.go::TestSessionRFC7606SectionLengthConflictNotification), so nothing was re-judged. Re-stamp it mechanically: ./le rfc reseal
  * rfc/short/rfc7606.md:332: RFC7606-3.g-1 has a SHIFTED audit verdict -- the tagged unit is byte-identical and only the file around it moved (internal/component/bgp/reactor/session_test.go::TestSessionRFC7606SessionResetNotification), so nothing was re-judged. Re-stamp it mechanically: ./le rfc reseal
  * rfc/short/rfc7606.md:335: RFC7606-3.i-1 has a SHIFTED audit verdict -- the tagged unit is byte-identical and only the file around it moved (internal/component/bgp/reactor/rfc7606_session_structural_test.go::TestEnforceRFC7606_ValidWithdrawnNLRIAccepted, internal/component/bgp/reactor/session_validate_test.go::TestEnforceRFC7606_InvalidWithdrawnNLRI), so nothing was re-judged. Re-stamp it mechanically: ./le rfc reseal
  * rfc/short/rfc7606.md:336: RFC7606-3.j-1 has a SHIFTED audit verdict -- the tagged unit is byte-identical and only the file around it moved (internal/component/bgp/reactor/session_validate_test.go::TestEnforceRFC7606_InvalidTrailingNLRI), so nothing was re-judged. Re-stamp it mechanically: ./le rfc reseal
  * rfc/short/rfc7606.md:347: RFC7606-7.5-1 has a SHIFTED audit verdict -- the tagged unit is byte-identical and only the file around it moved (internal/component/bgp/reactor/session_test.go::TestSessionRFC7606AttributeDiscardContinues), so nothing was re-judged. Re-stamp it mechanically: ./le rfc reseal
  * rfc/short/rfc7606.md:375: RFC7606-3.a-1 has a STALE audit verdict -- what it judged changed: internal/component/bgp/reactor/rfc7606_session_structural_test.go::TestSessionRFC7606ValidUpdateSendsNoNotification (func-scoped). This is NOT a line shift and ./le rfc reseal will refuse it. Re-read rfc7606 with the ze-rfc-audit skill (ai/skills/ze-rfc-audit.md)
  * rfc/short/rfc7606.md:377: RFC7606-5.3-1 has a SHIFTED audit verdict -- the tagged unit is byte-identical and only the file around it moved (internal/component/bgp/reactor/session_validate_test.go::TestEnforceRFC7606_InvalidTrailingNLRI), so nothing was re-judged. Re-stamp it mechanically: ./le rfc reseal
  * rfc/short/rfc7606.md:378: RFC7606-5.3-2 has a SHIFTED audit verdict -- the tagged unit is byte-identical and only the file around it moved (internal/component/bgp/reactor/session_validate_test.go::TestEnforceRFC7606_InvalidWithdrawnNLRI), so nothing was re-judged. Re-stamp it mechanically: ./le rfc reseal
  * rfc/discrimination/draft-ietf-sidrops-aspa-verification.json: the record for DRAFT-IETF-SIDROPS-ASPA-VERIFICATION-5.1-1 positive at internal/component/bgp/plugins/rpki/compressed_aspa_test.go::TestASPACompressedASPath names a requirement no summary in rfc/short/ declares. A proof of an obligation nobody wrote down proves nothing, so the record is refused rather than counted
  * rfc/discrimination/draft-ietf-sidrops-aspa-verification.json: the record for DRAFT-IETF-SIDROPS-ASPA-VERIFICATION-5.1-1 negative at internal/component/bgp/plugins/rpki/compressed_aspa_test.go::TestASPACompressedASPath names a requirement no summary in rfc/short/ declares. A proof of an obligation nobody wrote down proves nothing, so the record is refused rather than counted
  * rfc/discrimination/rfc3209.json: the revert record for RFC3209-4.4.3-2 positive at internal/plugins/rsvpte/rro_rfc3209_test.go::TestRFC3209RROLabelRecordFollowsAddress no longer verifies (unit-changed): the tagged unit's behavior changed since the red was observed. The break "body of recordRoute replaced by panic(\"BUG: ./le rfc discriminate-record disabled this producer to observe the red\")" was observed to redden that unit when applied to internal/plugins/rsvpte/engine.go::recordRoute. `./le rfc check` replays nothing: it compares the fingerprints the proof was taken against, so a moved fingerprint means the red was never re-observed over the code that is there now. Re-record it with `./le rfc discriminate`, or delete the record with the tag it proved
  * rfc/discrimination/rfc3209.json: the revert record for RFC3209-4.4.3-2 negative at internal/plugins/rsvpte/rro_rfc3209_test.go::TestRFC3209RRONoLabelRecordWithoutAddress no longer verifies (unit-changed): the tagged unit's behavior changed since the red was observed. The break "body of recordRoute replaced by panic(\"BUG: ./le rfc discriminate-record disabled this producer to observe the red\")" was observed to redden that unit when applied to internal/plugins/rsvpte/engine.go::recordRoute. `./le rfc check` replays nothing: it compares the fingerprints the proof was taken against, so a moved fingerprint means the red was never re-observed over the code that is there now. Re-record it with `./le rfc discriminate`, or delete the record with the tag it proved
  * rfc/discrimination/rfc5036.json: the revert record for RFC5036-3.3-1 negative at internal/plugins/ldp/procedures_rfc5036_test.go::TestRFC5036UnknownTLVWithUBitClearIsRefused no longer verifies (unit-changed): the tagged unit's behavior changed since the red was observed. The break "body of ignoreUnknownTLV replaced by panic(\"BUG: ./le rfc discriminate-record disabled this producer to observe the red\")" was observed to redden that unit when applied to internal/plugins/ldp/session.go::ignoreUnknownTLV. `./le rfc check` replays nothing: it compares the fingerprints the proof was taken against, so a moved fingerprint means the red was never re-observed over the code that is there now. Re-record it with `./le rfc discriminate`, or delete the record with the tag it proved
  * rfc/discrimination/rfc5036.json: the revert record for RFC5036-3.3-1 positive at internal/plugins/ldp/procedures_rfc5036_test.go::TestRFC5036UnknownTLVWithUBitSetIsSkipped no longer verifies (unit-changed): the tagged unit's behavior changed since the red was observed. The break "body of skipTLV replaced by panic(\"BUG: ./le rfc discriminate-record disabled this producer to observe the red\")" was observed to redden that unit when applied to internal/plugins/ldp/wire.go::skipTLV. `./le rfc check` replays nothing: it compares the fingerprints the proof was taken against, so a moved fingerprint means the red was never re-observed over the code that is there now. Re-record it with `./le rfc discriminate`, or delete the record with the tag it proved
  * rfc/discrimination/rfc5036.json: the revert record for RFC5036-3.4.4.1-1 negative at internal/plugins/ldp/procedures_rfc5036_test.go::TestRFC5036HopCountAboveMaximumDrawsLoopDetected no longer verifies (unit-changed): the tagged unit's behavior changed since the red was observed. The break "body of processMessages replaced by panic(\"BUG: ./le rfc discriminate-record disabled this producer to observe the red\")" was observed to redden that unit when applied to internal/plugins/ldp/session.go::processMessages. `./le rfc check` replays nothing: it compares the fingerprints the proof was taken against, so a moved fingerprint means the red was never re-observed over the code that is there now. Re-record it with `./le rfc discriminate`, or delete the record with the tag it proved
  * rfc/discrimination/rfc5036.json: the revert record for RFC5036-3.4.4.1-1 positive at internal/plugins/ldp/procedures_rfc5036_test.go::TestRFC5036HopCountWithinMaximumIsApplied no longer verifies (unit-changed): the tagged unit's behavior changed since the red was observed. The break "body of decodeLabelMapping replaced by panic(\"BUG: ./le rfc discriminate-record disabled this producer to observe the red\")" was observed to redden that unit when applied to internal/plugins/ldp/wire.go::decodeLabelMapping. `./le rfc check` replays nothing: it compares the fingerprints the proof was taken against, so a moved fingerprint means the red was never re-observed over the code that is there now. Re-record it with `./le rfc discriminate`, or delete the record with the tag it proved
  * rfc/discrimination/rfc5036.json: the revert record for RFC5036-3.4.4.1-2 positive at internal/plugins/ldp/procedures_rfc5036_test.go::TestRFC5036HopCountAboveMaximumDrawsLoopDetected no longer verifies (unit-changed): the tagged unit's behavior changed since the red was observed. The break "body of sendNotification replaced by panic(\"BUG: ./le rfc discriminate-record disabled this producer to observe the red\")" was observed to redden that unit when applied to internal/plugins/ldp/session.go::sendNotification. `./le rfc check` replays nothing: it compares the fingerprints the proof was taken against, so a moved fingerprint means the red was never re-observed over the code that is there now. Re-record it with `./le rfc discriminate`, or delete the record with the tag it proved
  * rfc/discrimination/rfc5036.json: the revert record for RFC5036-3.4.4.1-2 negative at internal/plugins/ldp/procedures_rfc5036_test.go::TestRFC5036HopCountWithinMaximumIsApplied no longer verifies (unit-changed): the tagged unit's behavior changed since the red was observed. The break "body of processMessages replaced by panic(\"BUG: ./le rfc discriminate-record disabled this producer to observe the red\")" was observed to redden that unit when applied to internal/plugins/ldp/session.go::processMessages. `./le rfc check` replays nothing: it compares the fingerprints the proof was taken against, so a moved fingerprint means the red was never re-observed over the code that is there now. Re-record it with `./le rfc discriminate`, or delete the record with the tag it proved
  * rfc/discrimination/rfc5561.json: the revert record for RFC5561-6-4 negative at internal/plugins/ldp/capability_rfc5561_test.go::TestRFC5561UnknownCapabilityWithUBitSetDrawsNoNotification no longer verifies (unit-changed): the tagged unit's behavior changed since the red was observed. The break "body of processMessages replaced by panic(\"BUG: ./le rfc discriminate-record disabled this producer to observe the red\")" was observed to redden that unit when applied to internal/plugins/ldp/session.go::processMessages. `./le rfc check` replays nothing: it compares the fingerprints the proof was taken against, so a moved fingerprint means the red was never re-observed over the code that is there now. Re-record it with `./le rfc discriminate`, or delete the record with the tag it proved
  * rfc/discrimination/rfc5561.json: the revert record for RFC5561-6-4 positive at internal/plugins/ldp/capability_rfc5561_test.go::TestRFC5561UnknownCapabilityWithUBitSetIsIgnored no longer verifies (unit-changed): the tagged unit's behavior changed since the red was observed. The break "body of DecodeInit replaced by panic(\"BUG: ./le rfc discriminate-record disabled this producer to observe the red\")" was observed to redden that unit when applied to internal/plugins/ldp/wire.go::DecodeInit. `./le rfc check` replays nothing: it compares the fingerprints the proof was taken against, so a moved fingerprint means the red was never re-observed over the code that is there now. Re-record it with `./le rfc discriminate`, or delete the record with the tag it proved
  * rfc/discrimination/rfc7950.json: the revert record for RFC7950-9.5.1-1 positive at internal/component/config/yang/validator_rfc7950_test.go::TestRFC7950BooleanLowercaseAccepted no longer verifies (producer-changed): the producer's behavior changed since the break was applied to it. The break "body of validateBoolean replaced by panic(\"BUG: ./le rfc discriminate-record disabled this producer to observe the red\")" was observed to redden that unit when applied to internal/component/config/yang/validator.go::validateBoolean. `./le rfc check` replays nothing: it compares the fingerprints the proof was taken against, so a moved fingerprint means the red was never re-observed over the code that is there now. Re-record it with `./le rfc discriminate`, or delete the record with the tag it proved
  * rfc/discrimination/rfc7950.json: the revert record for RFC7950-9.5.1-1 negative at internal/component/config/yang/validator_rfc7950_test.go::TestRFC7950BooleanNotLowercaseRefused no longer verifies (producer-changed): the producer's behavior changed since the break was applied to it. The break "body of validateBoolean replaced by panic(\"BUG: ./le rfc discriminate-record disabled this producer to observe the red\")" was observed to redden that unit when applied to internal/component/config/yang/validator.go::validateBoolean. `./le rfc check` replays nothing: it compares the fingerprints the proof was taken against, so a moved fingerprint means the red was never re-observed over the code that is there now. Re-record it with `./le rfc discriminate`, or delete the record with the tag it proved
  * rfc/extraction/draft-ietf-sidrops-aspa-verification.json: source-sha no longer matches rfc/drafts/draft-ietf-sidrops-aspa-verification.txt. The source text changed under this sign-off, so the walk no longer bounds what the summary missed. Re-run: ./le rfc extraction-create stem draft-ietf-sidrops-aspa-verification, re-classify any site that moved, and bump signed-off
  * rfc/extraction/rfc8414.json: RFC8414-3-1 [MUST] is declared by rfc/short/rfc8414.md but no source site maps to it and no section lists it in unsourced-ids: Authorization servers supporting metadata MUST make the Section 2 meta. Either it is backed by a site the walk should map, or it was read from indicative prose -- say which
  * rfc/extraction/rfc8414.json: RFC8414-2-2 [MUST] is declared by rfc/short/rfc8414.md but no source site maps to it and no section lists it in unsourced-ids: `authorization_endpoint` is REQUIRED unless no grant types are support. Either it is backed by a site the walk should map, or it was read from indicative prose -- say which
  * rfc/extraction/rfc8414.json: RFC8414-2-3 [MUST] is declared by rfc/short/rfc8414.md but no source site maps to it and no section lists it in unsourced-ids: `token_endpoint` is REQUIRED unless only the implicit grant type is su. Either it is backed by a site the walk should map, or it was read from indicative prose -- say which
  * rfc/extraction/rfc8414.json: RFC8414-2-4 [MUST] is declared by rfc/short/rfc8414.md but no source site maps to it and no section lists it in unsourced-ids: `response_types_supported` is REQUIRED (§2). Either it is backed by a site the walk should map, or it was read from indicative prose -- say which
  * rfc/extraction/rfc8414.json: RFC8414-2-9 [MUST] is declared by rfc/short/rfc8414.md but no source site maps to it and no section lists it in unsourced-ids: `token_endpoint_auth_signing_alg_values_supported` MUST be present if . Either it is backed by a site the walk should map, or it was read from indicative prose -- say which
  * rfc/extraction/rfc8414.json: RFC8414-2-10 [MUST NOT] is declared by rfc/short/rfc8414.md but no source site maps to it and no section lists it in unsourced-ids: The value "none" MUST NOT be used in `token_endpoint_auth_signing_alg_. Either it is backed by a site the walk should map, or it was read from indicative prose -- say which
  * rfc/extraction/rfc8414.json: RFC8414-2-11 [MUST] is declared by rfc/short/rfc8414.md but no source site maps to it and no section lists it in unsourced-ids: `revocation_endpoint_auth_signing_alg_values_supported` MUST be presen. Either it is backed by a site the walk should map, or it was read from indicative prose -- say which
  * rfc/extraction/rfc8414.json: RFC8414-2-12 [MUST NOT] is declared by rfc/short/rfc8414.md but no source site maps to it and no section lists it in unsourced-ids: The value "none" MUST NOT be used in `revocation_endpoint_auth_signing. Either it is backed by a site the walk should map, or it was read from indicative prose -- say which
  * rfc/extraction/rfc8414.json: RFC8414-2-13 [MUST] is declared by rfc/short/rfc8414.md but no source site maps to it and no section lists it in unsourced-ids: If `introspection_endpoint_auth_methods_supported` is omitted, the set. Either it is backed by a site the walk should map, or it was read from indicative prose -- say which
  * rfc/extraction/rfc8414.json: RFC8414-2-14 [MUST] is declared by rfc/short/rfc8414.md but no source site maps to it and no section lists it in unsourced-ids: `introspection_endpoint_auth_signing_alg_values_supported` MUST be pre. Either it is backed by a site the walk should map, or it was read from indicative prose -- say which
  * rfc/extraction/rfc8414.json: RFC8414-2-15 [MUST NOT] is declared by rfc/short/rfc8414.md but no source site maps to it and no section lists it in unsourced-ids: The value "none" MUST NOT be used in `introspection_endpoint_auth_sign. Either it is backed by a site the walk should map, or it was read from indicative prose -- say which
  * rfc/extraction/rfc8414.json: RFC8414-2.1-1 [MUST] is declared by rfc/short/rfc8414.md but no source site maps to it and no section lists it in unsourced-ids: Signed metadata MUST be digitally signed or MACed using JSON Web Signa. Either it is backed by a site the walk should map, or it was read from indicative prose -- say which
  * rfc/extraction/rfc8414.json: RFC8414-2.1-2 [MUST] is declared by rfc/short/rfc8414.md but no source site maps to it and no section lists it in unsourced-ids: If the consumer of the metadata supports signed metadata, metadata val. Either it is backed by a site the walk should map, or it was read from indicative prose -- say which
  * rfc/extraction/rfc8414.json: RFC8414-3.2-2 [MUST] is declared by rfc/short/rfc8414.md but no source site maps to it and no section lists it in unsourced-ids: Claims with zero elements MUST be omitted from the response (§3.2). Either it is backed by a site the walk should map, or it was read from indicative prose -- say which
  * rfc/extraction/rfc8414.json: RFC8414-6.1-2 [MUST] is declared by rfc/short/rfc8414.md but no source site maps to it and no section lists it in unsourced-ids: The authorization server MUST support TLS version 1.2 (§6.1). Either it is backed by a site the walk should map, or it was read from indicative prose -- say which
  * rfc/extraction/rfc8571.json: unsourced-ids names RFC8571-x-4, which does not exist in rfc/short/rfc8571.md
  * rfc/extraction/rfc8707.json: RFC8707-2-1 [MUST] is declared by rfc/short/rfc8707.md but no source site maps to it and no section lists it in unsourced-ids: The `resource` request parameter URI MUST NOT include a fragment compo. Either it is backed by a site the walk should map, or it was read from indicative prose -- say which
  * rfc/extraction/rfc9728.json: site 3.3:4 is excluded duplicate-of RFC9728-3.3-2, but no other site MAPS that id. A chain of duplicates cannot cover an RFC in which nothing is actually mapped
  * rfc/extraction/rfc9728.json: RFC9728-2-6 [MUST] is declared by rfc/short/rfc9728.md but no source site maps to it and no section lists it in unsourced-ids: The `jwks_uri` URL MUST use the https scheme (§2). Either it is backed by a site the walk should map, or it was read from indicative prose -- say which
  * rfc/extraction/rfc9728.json: RFC9728-2-7 [MUST] is declared by rfc/short/rfc9728.md but no source site maps to it and no section lists it in unsourced-ids: When both signing and encryption keys are made available in the refere. Either it is backed by a site the walk should map, or it was read from indicative prose -- say which
  * rfc/extraction/rfc9728.json: RFC9728-2-8 [MUST NOT] is declared by rfc/short/rfc9728.md but no source site maps to it and no section lists it in unsourced-ids: The value `none` MUST NOT be used in `resource_signing_alg_values_supp. Either it is backed by a site the walk should map, or it was read from indicative prose -- say which
  * rfc/extraction/rfc9728.json: RFC9728-2.1-1 [MUST NOT] is declared by rfc/short/rfc9728.md but no source site maps to it and no section lists it in unsourced-ids: If any human-readable field is sent without a language tag, parties us. Either it is backed by a site the walk should map, or it was read from indicative prose -- say which
  * rfc/extraction/rfc9728.json: RFC9728-2.2-1 [MUST] is declared by rfc/short/rfc9728.md but no source site maps to it and no section lists it in unsourced-ids: Signed metadata MUST be digitally signed or MACed using a JWS and MUST. Either it is backed by a site the walk should map, or it was read from indicative prose -- say which
  * rfc/extraction/rfc9728.json: RFC9728-2.2-2 [MUST] is declared by rfc/short/rfc9728.md but no source site maps to it and no section lists it in unsourced-ids: If the consumer of the metadata supports signed metadata, metadata val. Either it is backed by a site the walk should map, or it was read from indicative prose -- say which
  * rfc/extraction/rfc9728.json: RFC9728-3.3-2 [MUST NOT] is declared by rfc/short/rfc9728.md but no source site maps to it and no section lists it in unsourced-ids: If the `resource` value and the resource identifier are not identical,. Either it is backed by a site the walk should map, or it was read from indicative prose -- say which
  * rfc/extraction/rfc9728.json: RFC9728-3.3-3 [MUST] is declared by rfc/short/rfc9728.md but no source site maps to it and no section lists it in unsourced-ids: If the metadata was retrieved from a URL returned by the protected res. Either it is backed by a site the walk should map, or it was read from indicative prose -- say which
  * rfc/extraction/rfc9728.json: RFC9728-3.3-4 [MUST] is declared by rfc/short/rfc9728.md but no source site maps to it and no section lists it in unsourced-ids: The recipient MUST validate that any signed metadata was signed by a k. Either it is backed by a site the walk should map, or it was read from indicative prose -- say which
  * rfc/extraction/rfc9728.json: RFC9728-7.3-1 [MUST] is declared by rfc/short/rfc9728.md but no source site maps to it and no section lists it in unsourced-ids: TLS certificate checking MUST be performed by the client as described . Either it is backed by a site the walk should map, or it was read from indicative prose -- say which
  * rfc/extraction/rfc9728.json: RFC9728-7.3-2 [MUST] is declared by rfc/short/rfc9728.md but no source site maps to it and no section lists it in unsourced-ids: The client MUST ensure that the resource identifier URL it is using as. Either it is backed by a site the walk should map, or it was read from indicative prose -- say which
  * rfc/extraction/rfc9728.json: RFC9728-3.2-5 [MUST] is declared by rfc/short/rfc9728.md but no source site maps to it and no section lists it in unsourced-ids: Metadata parameters that are not understood MUST be ignored by the con. Either it is backed by a site the walk should map, or it was read from indicative prose -- say which
  * rfc/extraction/rfc8414.json: exclusions rose from 3 to 18 with no 'resign-reason'. Exclusions are shrink-only: a rise means the walk was redone, so record why, name the reviewer, and bump signed-off
  * rfc/extraction/rfc8707.json: exclusions rose from 4 to 5 with no 'resign-reason'. Exclusions are shrink-only: a rise means the walk was redone, so record why, name the reviewer, and bump signed-off
  * rfc/extraction/rfc9728.json: exclusions rose from 2 to 14 with no 'resign-reason'. Exclusions are shrink-only: a rise means the walk was redone, so record why, name the reviewer, and bump signed-off

Rules: every MUST-level requirement of an enrolled RFC needs
a positive AND a negative test tagged `RFC requirement: <ID> <polarity>`,
or an annotation saying why not. See ai/skills/ze-rfc.md.
