Plugin pppoe.so loaded.
PPPoE plugin from pppd 2.5.1
Send PPPOE Discovery V1T1 PADI session 0x0 length 20
 dst ff:ff:ff:ff:ff:ff  src ae:3a:8e:a9:8b:08
 [service-name internet] [host-uniq a6 05 00 00]
Recv PPPOE Discovery V1T1 PADO session 0x0 length 54
 dst ae:3a:8e:a9:8b:08  src 32:ab:af:be:54:f6
 [AC-name ze-bng] [service-name internet] [AC-cookie 04 f6 79 22 8d 9c f0 ce f1 a3 8b a8 8e f1 db 04 6a b3 2c b8] [host-uniq a6 05 00 00]
Send PPPOE Discovery V1T1 PADR session 0x0 length 44
 dst 32:ab:af:be:54:f6  src ae:3a:8e:a9:8b:08
 [service-name internet] [host-uniq a6 05 00 00] [AC-cookie 04 f6 79 22 8d 9c f0 ce f1 a3 8b a8 8e f1 db 04 6a b3 2c b8]
Recv PPPOE Discovery V1T1 PADS session 0x1 length 30
 dst ae:3a:8e:a9:8b:08  src 32:ab:af:be:54:f6
 [AC-name ze-bng] [service-name internet] [host-uniq a6 05 00 00]
PPP session is 1
Connected to 32:AB:AF:BE:54:F6 via interface eth0
using channel 2
Using interface ppp0
Connect: ppp0 <--> eth0
sent [LCP ConfReq id=0x1 <mru 1492> <magic 0x3cacf589>]
rcvd [LCP ConfAck id=0x1 <mru 1492> <magic 0x3cacf589>]
rcvd [LCP ConfReq id=0x1 <mru 1492> <auth chap MD5> <magic 0x489c822c>]
sent [LCP ConfAck id=0x1 <mru 1492> <auth chap MD5> <magic 0x489c822c>]
sent [LCP EchoReq id=0x0 magic=0x3cacf589]
rcvd [CHAP Challenge id=0x1 <aa6607d0d1e86fd595a9de80f0ad324e>, name = "ze"]
sent [CHAP Response id=0x1 <693174f051f6f8a54b1a216dc436fc49>, name = "alice"]
rcvd [LCP EchoRep id=0x0 magic=0x489c822c]
rcvd [CHAP Failure id=0x1 "bad CHAP response"]
CHAP authentication failed: bad CHAP response
CHAP authentication failed
sent [LCP TermReq id=0x2 "Failed to authenticate ourselves to peer"]
Modem hangup
Connection terminated.
Send PPPOE Discovery V1T1 PADT session 0x1 length 32
 dst 32:ab:af:be:54:f6  src ae:3a:8e:a9:8b:08
 [host-uniq a6 05 00 00] [AC-cookie 04 f6 79 22 8d 9c f0 ce f1 a3 8b a8 8e f1 db 04 6a b3 2c b8]
Sent PADT
