1: lo: <LOOPBACK,UP,LOWER_UP> mtu 65536 qdisc noqueue state UNKNOWN mode DEFAULT group default qlen 1000
    link/loopback 00:00:00:00:00:00 brd 00:00:00:00:00:00 promiscuity 0 allmulti 0 minmtu 0 maxmtu 0 addrgenmode eui64 numtxqueues 1 numrxqueues 1 gso_max_size 65536 gso_max_segs 65535 tso_max_size 524280 tso_max_segs 65535 gro_max_size 65536 gso_ipv4_max_size 65536 gro_ipv4_max_size 65536 
    RX:  bytes packets errors dropped  missed   mcast           
             0       0      0       0       0       0 
    TX:  bytes packets errors dropped carrier collsns           
             0       0      0       0       0       0 
2: tunl0@NONE: <NOARP> mtu 1480 qdisc noop state DOWN mode DEFAULT group default qlen 1000
    link/ipip 0.0.0.0 brd 0.0.0.0 promiscuity 0 allmulti 0 minmtu 0 maxmtu 0 
    ipip any remote any local any ttl inherit nopmtudisc numtxqueues 1 numrxqueues 1 gso_max_size 65536 gso_max_segs 65535 tso_max_size 65536 tso_max_segs 65535 gro_max_size 65536 gso_ipv4_max_size 65536 gro_ipv4_max_size 65536 
    RX:  bytes packets errors dropped  missed   mcast           
             0       0      0       0       0       0 
    TX:  bytes packets errors dropped carrier collsns           
             0       0      0       0       0       0 
3: gre0@NONE: <NOARP> mtu 1476 qdisc noop state DOWN mode DEFAULT group default qlen 1000
    link/gre 0.0.0.0 brd 0.0.0.0 promiscuity 0 allmulti 0 minmtu 0 maxmtu 0 
    gre remote any local any ttl inherit nopmtudisc numtxqueues 1 numrxqueues 1 gso_max_size 65536 gso_max_segs 65535 tso_max_size 65536 tso_max_segs 65535 gro_max_size 65536 gso_ipv4_max_size 65536 gro_ipv4_max_size 65536 
    RX:  bytes packets errors dropped  missed   mcast           
             0       0      0       0       0       0 
    TX:  bytes packets errors dropped carrier collsns           
             0       0      0       0       0       0 
4: gretap0@NONE: <BROADCAST,MULTICAST> mtu 1462 qdisc noop state DOWN mode DEFAULT group default qlen 1000
    link/ether 00:00:00:00:00:00 brd ff:ff:ff:ff:ff:ff promiscuity 0 allmulti 0 minmtu 68 maxmtu 0 
    gretap remote any local any ttl inherit nopmtudisc addrgenmode eui64 numtxqueues 1 numrxqueues 1 gso_max_size 65536 gso_max_segs 65535 tso_max_size 65536 tso_max_segs 65535 gro_max_size 65536 gso_ipv4_max_size 65536 gro_ipv4_max_size 65536 
    RX:  bytes packets errors dropped  missed   mcast           
             0       0      0       0       0       0 
    TX:  bytes packets errors dropped carrier collsns           
             0       0      0       0       0       0 
5: erspan0@NONE: <BROADCAST,MULTICAST> mtu 1450 qdisc noop state DOWN mode DEFAULT group default qlen 1000
    link/ether 00:00:00:00:00:00 brd ff:ff:ff:ff:ff:ff promiscuity 0 allmulti 0 minmtu 68 maxmtu 0 
    erspan remote any local any ttl inherit nopmtudisc okey 0.0.0.0 erspan_index 0 erspan_ver 1 addrgenmode eui64 numtxqueues 1 numrxqueues 1 gso_max_size 65536 gso_max_segs 65535 tso_max_size 65536 tso_max_segs 65535 gro_max_size 65536 gso_ipv4_max_size 65536 gro_ipv4_max_size 65536 
    RX:  bytes packets errors dropped  missed   mcast           
             0       0      0       0       0       0 
    TX:  bytes packets errors dropped carrier collsns           
             0       0      0       0       0       0 
6: sit0@NONE: <NOARP> mtu 1480 qdisc noop state DOWN mode DEFAULT group default qlen 1000
    link/sit 0.0.0.0 brd 0.0.0.0 promiscuity 0 allmulti 0 minmtu 1280 maxmtu 65555 
    sit ip6ip remote any local any ttl 64 nopmtudisc addrgenmode eui64 numtxqueues 1 numrxqueues 1 gso_max_size 65536 gso_max_segs 65535 tso_max_size 65536 tso_max_segs 65535 gro_max_size 65536 gso_ipv4_max_size 65536 gro_ipv4_max_size 65536 
    RX:  bytes packets errors dropped  missed   mcast           
             0       0      0       0       0       0 
    TX:  bytes packets errors dropped carrier collsns           
             0       0      0       0       0       0 
7: ip6tnl0@NONE: <NOARP> mtu 1452 qdisc noop state DOWN mode DEFAULT group default qlen 1000
    link/tunnel6 :: brd :: permaddr 628b:8561:841a:: promiscuity 0 allmulti 0 minmtu 68 maxmtu 65535 
    ip6tnl ip6ip6 remote any local any hoplimit inherit encaplimit 0 tclass 0x00 flowlabel 0x00000 addrgenmode eui64 numtxqueues 1 numrxqueues 1 gso_max_size 65536 gso_max_segs 65535 tso_max_size 65536 tso_max_segs 65535 gro_max_size 65536 gso_ipv4_max_size 65536 gro_ipv4_max_size 65536 
    RX:  bytes packets errors dropped  missed   mcast           
             0       0      0       0       0       0 
    TX:  bytes packets errors dropped carrier collsns           
             0       0      0       0       0       0 
8: ip6gre0@NONE: <NOARP> mtu 1448 qdisc noop state DOWN mode DEFAULT group default qlen 1000
    link/gre6 :: brd :: permaddr a232:b08f:adad:: promiscuity 0 allmulti 0 minmtu 0 maxmtu 0 
    ip6gre remote any local any hoplimit inherit encaplimit 0 tclass 0x00 flowlabel 0x00000 addrgenmode eui64 numtxqueues 1 numrxqueues 1 gso_max_size 65536 gso_max_segs 65535 tso_max_size 65536 tso_max_segs 65535 gro_max_size 65536 gso_ipv4_max_size 65536 gro_ipv4_max_size 65536 
    RX:  bytes packets errors dropped  missed   mcast           
             0       0      0       0       0       0 
    TX:  bytes packets errors dropped carrier collsns           
             0       0      0       0       0       0 
9: primary@if9: <BROADCAST,MULTICAST,UP,LOWER_UP> mtu 1500 qdisc noqueue state UP mode DEFAULT group default 
    link/ether 06:e4:23:16:4b:0e brd ff:ff:ff:ff:ff:ff link-netns rsvp-1384-h promiscuity 0 allmulti 0 minmtu 68 maxmtu 65535 
    veth addrgenmode eui64 numtxqueues 8 numrxqueues 8 gso_max_size 65536 gso_max_segs 65535 tso_max_size 524280 tso_max_segs 65535 gro_max_size 65536 gso_ipv4_max_size 65536 gro_ipv4_max_size 65536 
    RX:  bytes packets errors dropped  missed   mcast           
           516       6      0       0       0       0 
    TX:  bytes packets errors dropped carrier collsns           
           426       5      0       0       0       0 
10: bypass-a@if10: <BROADCAST,MULTICAST,UP,LOWER_UP> mtu 1500 qdisc noqueue state UP mode DEFAULT group default 
    link/ether de:cf:0c:cd:65:a5 brd ff:ff:ff:ff:ff:ff link-netns rsvp-1384-h promiscuity 0 allmulti 0 minmtu 68 maxmtu 65535 
    veth addrgenmode eui64 numtxqueues 8 numrxqueues 8 gso_max_size 65536 gso_max_segs 65535 tso_max_size 524280 tso_max_segs 65535 gro_max_size 65536 gso_ipv4_max_size 65536 gro_ipv4_max_size 65536 
    RX:  bytes packets errors dropped  missed   mcast           
           516       6      0       0       0       0 
    TX:  bytes packets errors dropped carrier collsns           
           516       6      0       0       0       0 
11: bypass-b@if11: <BROADCAST,MULTICAST,UP,LOWER_UP> mtu 1500 qdisc noqueue state UP mode DEFAULT group default 
    link/ether d6:f2:92:67:3c:da brd ff:ff:ff:ff:ff:ff link-netns rsvp-1384-h promiscuity 0 allmulti 0 minmtu 68 maxmtu 65535 
    veth addrgenmode eui64 numtxqueues 8 numrxqueues 8 gso_max_size 65536 gso_max_segs 65535 tso_max_size 524280 tso_max_segs 65535 gro_max_size 65536 gso_ipv4_max_size 65536 gro_ipv4_max_size 65536 
    RX:  bytes packets errors dropped  missed   mcast           
           516       6      0       0       0       0 
    TX:  bytes packets errors dropped carrier collsns           
           426       5      0       0       0       0 
12: tail@if9: <BROADCAST,MULTICAST,UP,LOWER_UP> mtu 1500 qdisc noqueue state UP mode DEFAULT group default 
    link/ether 36:98:38:a0:df:37 brd ff:ff:ff:ff:ff:ff link-netns rsvp-1384-e promiscuity 0 allmulti 0 minmtu 68 maxmtu 65535 
    veth addrgenmode eui64 numtxqueues 8 numrxqueues 8 gso_max_size 65536 gso_max_segs 65535 tso_max_size 524280 tso_max_segs 65535 gro_max_size 65536 gso_ipv4_max_size 65536 gro_ipv4_max_size 65536 
    RX:  bytes packets errors dropped  missed   mcast           
           516       6      0       0       0       0 
    TX:  bytes packets errors dropped carrier collsns           
           516       6      0       0       0       0 
